Component: Arm Compiler for Embedded 6.22 Tool: armlink [5ee90200]

==============================================================================

Section Cross References

    startup_stm32f407xx.o(STACK) refers (Special) to heapauxi.o(.text) for __use_two_region_memory
    startup_stm32f407xx.o(HEAP) refers (Special) to heapauxi.o(.text) for __use_two_region_memory
    startup_stm32f407xx.o(RESET) refers (Special) to heapauxi.o(.text) for __use_two_region_memory
    startup_stm32f407xx.o(RESET) refers to startup_stm32f407xx.o(STACK) for __initial_sp
    startup_stm32f407xx.o(RESET) refers to startup_stm32f407xx.o(.text) for Reset_Handler
    startup_stm32f407xx.o(RESET) refers to stm32f4xx_it.o(.text.NMI_Handler) for NMI_Handler
    startup_stm32f407xx.o(RESET) refers to stm32f4xx_it.o(.text.HardFault_Handler) for HardFault_Handler
    startup_stm32f407xx.o(RESET) refers to stm32f4xx_it.o(.text.MemManage_Handler) for MemManage_Handler
    startup_stm32f407xx.o(RESET) refers to stm32f4xx_it.o(.text.BusFault_Handler) for BusFault_Handler
    startup_stm32f407xx.o(RESET) refers to stm32f4xx_it.o(.text.UsageFault_Handler) for UsageFault_Handler
    startup_stm32f407xx.o(RESET) refers to stm32f4xx_it.o(.text.SVC_Handler) for SVC_Handler
    startup_stm32f407xx.o(RESET) refers to stm32f4xx_it.o(.text.DebugMon_Handler) for DebugMon_Handler
    startup_stm32f407xx.o(RESET) refers to stm32f4xx_it.o(.text.PendSV_Handler) for PendSV_Handler
    startup_stm32f407xx.o(RESET) refers to stm32f4xx_it.o(.text.SysTick_Handler) for SysTick_Handler
    startup_stm32f407xx.o(RESET) refers to stm32f4xx_it.o(.text.EXTI2_IRQHandler) for EXTI2_IRQHandler
    startup_stm32f407xx.o(RESET) refers to stm32f4xx_it.o(.text.EXTI3_IRQHandler) for EXTI3_IRQHandler
    startup_stm32f407xx.o(RESET) refers to stm32f4xx_it.o(.text.EXTI9_5_IRQHandler) for EXTI9_5_IRQHandler
    startup_stm32f407xx.o(RESET) refers to stm32f4xx_it.o(.text.USART2_IRQHandler) for USART2_IRQHandler
    startup_stm32f407xx.o(RESET) refers to stm32f4xx_it.o(.text.TIM6_DAC_IRQHandler) for TIM6_DAC_IRQHandler
    startup_stm32f407xx.o(.text) refers (Special) to heapauxi.o(.text) for __use_two_region_memory
    startup_stm32f407xx.o(.text) refers to system_stm32f4xx.o(.text.SystemInit) for SystemInit
    startup_stm32f407xx.o(.text) refers to __main.o(!!!main) for __main
    startup_stm32f407xx.o(.text) refers to startup_stm32f407xx.o(HEAP) for Heap_Mem
    startup_stm32f407xx.o(.text) refers to startup_stm32f407xx.o(STACK) for Stack_Mem
    main.o(.text) refers (Special) to _printf_percent.o(.ARM.Collect$$_printf_percent$$00000000) for _printf_percent
    main.o(.text) refers (Special) to _printf_d.o(.ARM.Collect$$_printf_percent$$00000009) for _printf_d
    main.o(.text) refers (Special) to _printf_f.o(.ARM.Collect$$_printf_percent$$00000003) for _printf_f
    main.o(.text) refers (Special) to _printf_dec.o(.text) for _printf_int_dec
    main.o(.text) refers (Special) to printf1.o(x$fpl$printf1) for _printf_fp_dec
    main.o(.text.HAL_GPIO_EXTI_Callback) refers (Special) to _printf_percent.o(.ARM.Collect$$_printf_percent$$00000000) for _printf_percent
    main.o(.text.HAL_GPIO_EXTI_Callback) refers (Special) to _printf_d.o(.ARM.Collect$$_printf_percent$$00000009) for _printf_d
    main.o(.text.HAL_GPIO_EXTI_Callback) refers (Special) to _printf_f.o(.ARM.Collect$$_printf_percent$$00000003) for _printf_f
    main.o(.text.HAL_GPIO_EXTI_Callback) refers (Special) to _printf_dec.o(.text) for _printf_int_dec
    main.o(.text.HAL_GPIO_EXTI_Callback) refers (Special) to printf1.o(x$fpl$printf1) for _printf_fp_dec
    main.o(.text.HAL_GPIO_EXTI_Callback) refers to stm32f4xx_hal_gpio.o(.text.HAL_GPIO_TogglePin) for HAL_GPIO_TogglePin
    main.o(.ARM.exidx.text.HAL_GPIO_EXTI_Callback) refers (Special) to _printf_percent.o(.ARM.Collect$$_printf_percent$$00000000) for _printf_percent
    main.o(.ARM.exidx.text.HAL_GPIO_EXTI_Callback) refers (Special) to _printf_d.o(.ARM.Collect$$_printf_percent$$00000009) for _printf_d
    main.o(.ARM.exidx.text.HAL_GPIO_EXTI_Callback) refers (Special) to _printf_f.o(.ARM.Collect$$_printf_percent$$00000003) for _printf_f
    main.o(.ARM.exidx.text.HAL_GPIO_EXTI_Callback) refers (Special) to _printf_dec.o(.text) for _printf_int_dec
    main.o(.ARM.exidx.text.HAL_GPIO_EXTI_Callback) refers (Special) to printf1.o(x$fpl$printf1) for _printf_fp_dec
    main.o(.ARM.exidx.text.HAL_GPIO_EXTI_Callback) refers to main.o(.text.HAL_GPIO_EXTI_Callback) for [Anonymous Symbol]
    main.o(.text.HAL_UART_RxCpltCallback) refers (Special) to _printf_percent.o(.ARM.Collect$$_printf_percent$$00000000) for _printf_percent
    main.o(.text.HAL_UART_RxCpltCallback) refers (Special) to _printf_d.o(.ARM.Collect$$_printf_percent$$00000009) for _printf_d
    main.o(.text.HAL_UART_RxCpltCallback) refers (Special) to _printf_f.o(.ARM.Collect$$_printf_percent$$00000003) for _printf_f
[...]
    HAL_I2C_Mem_Write                        0x08002c01   Thumb Code   348  stm32f4xx_hal_i2c.o(.text.HAL_I2C_Mem_Write)
    HAL_I2C_MspInit                          0x08002d5d   Thumb Code   116  stm32f4xx_hal_msp.o(.text.HAL_I2C_MspInit)
    HAL_IncTick                              0x08002dd1   Thumb Code    26  stm32f4xx_hal.o(.text.HAL_IncTick)
    HAL_Init                                 0x08002ded   Thumb Code    54  stm32f4xx_hal.o(.text.HAL_Init)
    HAL_InitTick                             0x08002e25   Thumb Code    72  stm32f4xx_hal.o(.text.HAL_InitTick)
    HAL_MspInit                              0x08002e6d   Thumb Code    56  stm32f4xx_hal_msp.o(.text.HAL_MspInit)
    HAL_NVIC_EnableIRQ                       0x08002ea5   Thumb Code    34  stm32f4xx_hal_cortex.o(.text.HAL_NVIC_EnableIRQ)
    HAL_NVIC_SetPriority                     0x08002ec9   Thumb Code    86  stm32f4xx_hal_cortex.o(.text.HAL_NVIC_SetPriority)
    HAL_NVIC_SetPriorityGrouping             0x08002f21   Thumb Code    32  stm32f4xx_hal_cortex.o(.text.HAL_NVIC_SetPriorityGrouping)
    HAL_RCC_ClockConfig                      0x08002f41   Thumb Code   356  stm32f4xx_hal_rcc.o(.text.HAL_RCC_ClockConfig)
    HAL_RCC_GetPCLK1Freq                     0x080030a5   Thumb Code    38  stm32f4xx_hal_rcc.o(.text.HAL_RCC_GetPCLK1Freq)
    HAL_RCC_GetPCLK2Freq                     0x080030cd   Thumb Code    38  stm32f4xx_hal_rcc.o(.text.HAL_RCC_GetPCLK2Freq)
    HAL_RCC_GetSysClockFreq                  0x080030f5   Thumb Code   106  stm32f4xx_hal_rcc.o(.text.HAL_RCC_GetSysClockFreq)
    HAL_RCC_OscConfig                        0x08003161   Thumb Code   940  stm32f4xx_hal_rcc.o(.text.HAL_RCC_OscConfig)
    HAL_SYSTICK_Config                       0x0800350d   Thumb Code    44  stm32f4xx_hal_cortex.o(.text.HAL_SYSTICK_Config)
    HAL_TIMEx_BreakCallback                  0x08003539   Thumb Code     2  stm32f4xx_hal_tim_ex.o(.text.HAL_TIMEx_BreakCallback)
    HAL_TIMEx_CommutCallback                 0x0800353d   Thumb Code     2  stm32f4xx_hal_tim_ex.o(.text.HAL_TIMEx_CommutCallback)
    HAL_TIMEx_ConfigBreakDeadTime            0x08003541   Thumb Code    76  stm32f4xx_hal_tim_ex.o(.text.HAL_TIMEx_ConfigBreakDeadTime)
    HAL_TIMEx_MasterConfigSynchronization    0x0800358d   Thumb Code   186  stm32f4xx_hal_tim_ex.o(.text.HAL_TIMEx_MasterConfigSynchronization)
    HAL_TIM_Base_Init                        0x08003649   Thumb Code    90  stm32f4xx_hal_tim.o(.text.HAL_TIM_Base_Init)
    HAL_TIM_Base_MspInit                     0x080036a5   Thumb Code   112  stm32f4xx_hal_msp.o(.text.HAL_TIM_Base_MspInit)
    HAL_TIM_Base_Start_IT                    0x08003715   Thumb Code   170  stm32f4xx_hal_tim.o(.text.HAL_TIM_Base_Start_IT)
    HAL_TIM_ConfigClockSource                0x080037c1   Thumb Code   416  stm32f4xx_hal_tim.o(.text.HAL_TIM_ConfigClockSource)
    HAL_TIM_Encoder_Init                     0x08003961   Thumb Code   178  stm32f4xx_hal_tim.o(.text.HAL_TIM_Encoder_Init)
    HAL_TIM_Encoder_MspInit                  0x08003a15   Thumb Code   196  stm32f4xx_hal_msp.o(.text.HAL_TIM_Encoder_MspInit)
    HAL_TIM_Encoder_Start                    0x08003ad9   Thumb Code   188  stm32f4xx_hal_tim.o(.text.HAL_TIM_Encoder_Start)
    HAL_TIM_IC_CaptureCallback               0x08003b95   Thumb Code     2  stm32f4xx_hal_tim.o(.text.HAL_TIM_IC_CaptureCallback)
    HAL_TIM_IRQHandler                       0x08003b99   Thumb Code   334  stm32f4xx_hal_tim.o(.text.HAL_TIM_IRQHandler)
    HAL_TIM_MspPostInit                      0x08003ce9   Thumb Code   142  stm32f4xx_hal_msp.o(.text.HAL_TIM_MspPostInit)
    HAL_TIM_OC_DelayElapsedCallback          0x08003d79   Thumb Code     2  stm32f4xx_hal_tim.o(.text.HAL_TIM_OC_DelayElapsedCallback)
    HAL_TIM_PWM_ConfigChannel                0x08003d7d   Thumb Code   544  stm32f4xx_hal_tim.o(.text.HAL_TIM_PWM_ConfigChannel)
    HAL_TIM_PWM_Init                         0x08003f9d   Thumb Code    90  stm32f4xx_hal_tim.o(.text.HAL_TIM_PWM_Init)
    HAL_TIM_PWM_MspInit                      0x08003ff9   Thumb Code    50  stm32f4xx_hal_msp.o(.text.HAL_TIM_PWM_MspInit)
    HAL_TIM_PWM_PulseFinishedCallback        0x0800402d   Thumb Code     2  stm32f4xx_hal_tim.o(.text.HAL_TIM_PWM_PulseFinishedCallback)
    HAL_TIM_PWM_Start                        0x08004031   Thumb Code   270  stm32f4xx_hal_tim.o(.text.HAL_TIM_PWM_Start)
    HAL_TIM_PeriodElapsedCallback            0x08004141   Thumb Code     2  stm32f4xx_hal_tim.o(.text.HAL_TIM_PeriodElapsedCallback)
    HAL_TIM_TriggerCallback                  0x08004145   Thumb Code     2  stm32f4xx_hal_tim.o(.text.HAL_TIM_TriggerCallback)
    HAL_UARTEx_RxEventCallback               0x08004149   Thumb Code     2  stm32f4xx_hal_uart.o(.text.HAL_UARTEx_RxEventCallback)
    HAL_UART_ErrorCallback                   0x0800414d   Thumb Code     2  stm32f4xx_hal_uart.o(.text.HAL_UART_ErrorCallback)
    HAL_UART_IRQHandler                      0x08004151   Thumb Code  1428  stm32f4xx_hal_uart.o(.text.HAL_UART_IRQHandler)
    HAL_UART_Init                            0x080046e5   Thumb Code    96  stm32f4xx_hal_uart.o(.text.HAL_UART_Init)
    HAL_UART_MspInit                         0x08004745   Thumb Code   482  stm32f4xx_hal_msp.o(.text.HAL_UART_MspInit)
    HAL_UART_Receive_IT                      0x08004929   Thumb Code    84  stm32f4xx_hal_uart.o(.text.HAL_UART_Receive_IT)
    HAL_UART_RxCpltCallback                  0x0800497d   Thumb Code    56  main.o(.text.HAL_UART_RxCpltCallback)
    HAL_UART_Transmit                        0x080049b5   Thumb Code   402  stm32f4xx_hal_uart.o(.text.HAL_UART_Transmit)
    HAL_UART_TxCpltCallback                  0x08004b49   Thumb Code     2  stm32f4xx_hal_uart.o(.text.HAL_UART_TxCpltCallback)
    HardFault_Handler                        0x08004b4d   Thumb Code     2  stm32f4xx_it.o(.text.HardFault_Handler)
    IIC_GPIO_Init                            0x08005035   Thumb Code    96  iic_1.o(.text.IIC_GPIO_Init)
    IIC_Read_Byte                            0x08005095   Thumb Code   432  iic_1.o(.text.IIC_Read_Byte)
    IIC_Send_Byte                            0x08005245   Thumb Code   280  iic_1.o(.text.IIC_Send_Byte)
    IIC_Start                                0x0800535d   Thumb Code    54  iic_1.o(.text.IIC_Start)
    IIC_Stop                                 0x08005395   Thumb Code    44  iic_1.o(.text.IIC_Stop)
    IIC_Wait_Ack                             0x080053c1   Thumb Code    64  iic_1.o(.text.IIC_Wait_Ack)
    Load                                     0x08005401   Thumb Code   180  tb6612_1.o(.text.Load)
    MPU_Init                                 0x080054b5   Thumb Code   188  mpu6050_1.o(.text.MPU_Init)
    MPU_Read_Len                             0x08005571   Thumb Code   112  mpu6050_1.o(.text.MPU_Read_Len)
    MPU_Write_Byte                           0x080055e1   Thumb Code    68  mpu6050_1.o(.text.MPU_Write_Byte)
    MPU_Write_Len                            0x08005625   Thumb Code    88  mpu6050_1.o(.text.MPU_Write_Len)
    MemManage_Handler                        0x0800567d   Thumb Code     2  stm32f4xx_it.o(.text.MemManage_Handler)
    NMI_Handler                              0x08005681   Thumb Code     2  stm32f4xx_it.o(.text.NMI_Handler)
    OLED_Clear                               0x08005685   Thumb Code   172  oled_1.o(.text.OLED_Clear)
    OLED_Init                                0x08005731   Thumb Code    16  oled_1.o(.text.OLED_Init)
    OLED_ShowChar                            0x08005741   Thumb Code   936  oled_1.o(.text.OLED_ShowChar)
    OLED_ShowString                          0x08005ae9   Thumb Code    64  oled_1.o(.text.OLED_ShowString)
    PendSV_Handler                           0x08005b29   Thumb Code     2  stm32f4xx_it.o(.text.PendSV_Handler)
    Reset_M1_Distance                        0x08005b2d   Thumb Code    28  encoder_1.o(.text.Reset_M1_Distance)
    Reset_M2_Distance                        0x08005b49   Thumb Code    28  encoder_1.o(.text.Reset_M2_Distance)
    SVC_Handler                              0x08005b65   Thumb Code     2  stm32f4xx_it.o(.text.SVC_Handler)
    SysTick_Handler                          0x08005b69   Thumb Code    14  stm32f4xx_it.o(.text.SysTick_Handler)
    SystemClock_Config                       0x08005b79   Thumb Code   168  main.o(.text.SystemClock_Config)
    SystemInit                               0x08005c21   Thumb Code    18  system_stm32f4xx.o(.text.SystemInit)
    TASK_RUN                                 0x08005c35   Thumb Code   300  task_machine_1.o(.text.TASK_RUN)
    TB6612_Init                              0x08005d65   Thumb Code    30  tb6612_1.o(.text.TB6612_Init)
    TIM6_DAC_IRQHandler                      0x08005d85   Thumb Code    34  stm32f4xx_it.o(.text.TIM6_DAC_IRQHandler)
    TIM_Base_SetConfig                       0x08005da9   Thumb Code   314  stm32f4xx_hal_tim.o(.text.TIM_Base_SetConfig)
    Transmit                                 0x08005ee5   Thumb Code    56  mv_uart_1.o(.text.Transmit)
    Turn_Left                                0x08005f1d   Thumb Code   466  car_control_1.o(.text.Turn_Left)
    Turn_Right                               0x080060f1   Thumb Code   466  car_control_1.o(.text.Turn_Right)
    USART2_IRQHandler                        0x080064b9   Thumb Code    12  stm32f4xx_it.o(.text.USART2_IRQHandler)
    UsageFault_Handler                       0x080064c5   Thumb Code     2  stm32f4xx_it.o(.text.UsageFault_Handler)
    WriteCmd                                 0x080064c9   Thumb Code   606  oled_1.o(.text.WriteCmd)
    delay_timer                              0x08006729   Thumb Code    52  soft_timer_1.o(.text.delay_timer)
    dmp_enable_feature                       0x0800675d   Thumb Code   672  inv_mpu_dmp_motion_driver_1.o(.text.dmp_enable_feature)
    dmp_load_motion_driver_firmware          0x080069fd   Thumb Code    22  inv_mpu_dmp_motion_driver_1.o(.text.dmp_load_motion_driver_firmware)
    dmp_set_accel_bias                       0x08006a15   Thumb Code   192  inv_mpu_dmp_motion_driver_1.o(.text.dmp_set_accel_bias)
    dmp_set_fifo_rate                        0x08006ad5   Thumb Code   112  inv_mpu_dmp_motion_driver_1.o(.text.dmp_set_fifo_rate)
    dmp_set_gyro_bias                        0x08006b45   Thumb Code   224  inv_mpu_dmp_motion_driver_1.o(.text.dmp_set_gyro_bias)
    dmp_set_orientation                      0x08006c25   Thumb Code   232  inv_mpu_dmp_motion_driver_1.o(.text.dmp_set_orientation)
    dmp_set_tap_thresh                       0x08006d0d   Thumb Code   260  inv_mpu_dmp_motion_driver_1.o(.text.dmp_set_tap_thresh)
    get_filtered_speed                       0x08006e55   Thumb Code   140  encoder_1.o(.text.get_filtered_speed)
    inv_orientation_matrix_to_scalar         0x08007211   Thumb Code   220  inv_mpu_1.o(.text.inv_orientation_matrix_to_scalar)
    main                                     0x080072ed   Thumb Code  1724  main.o(.text.main)
    mpu_configure_fifo                       0x08007a25   Thumb Code   168  inv_mpu_1.o(.text.mpu_configure_fifo)
    mpu_dmp_init                             0x08007acd   Thumb Code   246  inv_mpu_1.o(.text.mpu_dmp_init)
    mpu_get_accel_fsr                        0x08007bc5   Thumb Code    54  inv_mpu_1.o(.text.mpu_get_accel_fsr)
    mpu_get_accel_sens                       0x08007bfd   Thumb Code    48  inv_mpu_1.o(.text.mpu_get_accel_sens)
    mpu_init                                 0x08007c3d   Thumb Code   324  inv_mpu_1.o(.text.mpu_init)
    mpu_load_firmware                        0x08007d81   Thumb Code   318  inv_mpu_1.o(.text.mpu_load_firmware)
    mpu_lp_accel_mode                        0x08007ec1   Thumb Code   560  inv_mpu_1.o(.text.mpu_lp_accel_mode)
    mpu_reset_fifo                           0x080080f1   Thumb Code   378  inv_mpu_1.o(.text.mpu_reset_fifo)
    mpu_run_self_test                        0x0800826d   Thumb Code  2116  inv_mpu_1.o(.text.mpu_run_self_test)
    mpu_set_accel_fsr                        0x08008afd   Thumb Code   150  inv_mpu_1.o(.text.mpu_set_accel_fsr)
    mpu_set_bypass                           0x08008b95   Thumb Code   238  inv_mpu_1.o(.text.mpu_set_bypass)
    mpu_set_dmp_state                        0x08008c85   Thumb Code   224  inv_mpu_1.o(.text.mpu_set_dmp_state)
    mpu_set_lpf                              0x08008d65   Thumb Code   156  inv_mpu_1.o(.text.mpu_set_lpf)
    mpu_set_sample_rate                      0x08008e01   Thumb Code   328  inv_mpu_1.o(.text.mpu_set_sample_rate)
    mpu_set_sensors                          0x08008f49   Thumb Code   230  inv_mpu_1.o(.text.mpu_set_sensors)
    mpu_write_mem                            0x08009031   Thumb Code   128  inv_mpu_1.o(.text.mpu_write_mem)
    positional_pid_compute                   0x080090b1   Thumb Code   276  pid_config_1.o(.text.positional_pid_compute)
    positional_pid_control                   0x080091c9   Thumb Code     4  pid_config_1.o(.text.positional_pid_control)
    positional_pid_controller_init           0x080091cd   Thumb Code    70  pid_config_1.o(.text.positional_pid_controller_init)
    run_self_test                            0x08009239   Thumb Code   188  inv_mpu_1.o(.text.run_self_test)
    soft_timer_is_timeout                    0x08009325   Thumb Code    38  soft_timer_1.o(.text.soft_timer_is_timeout)
    soft_timer_repeat_init                   0x0800934d   Thumb Code    42  soft_timer_1.o(.text.soft_timer_repeat_init)
    soft_timer_tick                          0x08009379   Thumb Code   304  soft_timer_1.o(.text.soft_timer_tick)
    _btod_d2e                                0x080094a9   Thumb Code    62  btod.o(CL$$btod_d2e)
    _d2e_denorm_low                          0x080094e7   Thumb Code    70  btod.o(CL$$btod_d2e_denorm_low)
    _d2e_norm_op1                            0x0800952d   Thumb Code    96  btod.o(CL$$btod_d2e_norm_op1)
    __btod_div_common                        0x0800958d   Thumb Code   696  btod.o(CL$$btod_div_common)
    _e2d                                     0x080098c5   Thumb Code   122  btod.o(CL$$btod_e2d)
    _e2e                                     0x08009949   Thumb Code   220  btod.o(CL$$btod_e2e)
    _btod_ediv                               0x08009a25   Thumb Code    42  btod.o(CL$$btod_ediv)
    _btod_edivd                              0x08009a4f   Thumb Code    42  btod.o(CL$$btod_edivd)
    _btod_emul                               0x08009a79   Thumb Code    42  btod.o(CL$$btod_emul)
    _btod_emuld                              0x08009aa3   Thumb Code    42  btod.o(CL$$btod_emuld)
    __btod_mult_common                       0x08009acd   Thumb Code   580  btod.o(CL$$btod_mult_common)
    __ARM_fpclassify                         0x08009d11   Thumb Code    48  fpclassify.o(i.__ARM_fpclassify)
    __hardfp___mathlib_tofloat               0x08009d41   Thumb Code   232  narrow.o(i.__hardfp___mathlib_tofloat)
    __hardfp_ldexp                           0x08009e39   Thumb Code   200  ldexp.o(i.__hardfp_ldexp)
    __mathlib_dbl_overflow                   0x08009f09   Thumb Code    24  dunder.o(i.__mathlib_dbl_overflow)
    __mathlib_dbl_underflow                  0x08009f29   Thumb Code    24  dunder.o(i.__mathlib_dbl_underflow)
    __mathlib_narrow                         0x08009f49   Thumb Code    18  narrow.o(i.__mathlib_narrow)
    __support_ldexp                          0x08009f5b   Thumb Code    20  ldexp.o(i.__support_ldexp)
    _is_digit                                0x08009f6f   Thumb Code    14  __printf_wp.o(i._is_digit)
    frexp                                    0x08009f81   Thumb Code   118  frexp.o(i.frexp)
    _get_lc_numeric                          0x0800a00d   Thumb Code    44  lc_numeric_c.o(locale$$code)
    _get_lc_ctype                            0x0800a039   Thumb Code    44  lc_ctype_c.o(locale$$code)
    __aeabi_d2f                              0x0800a065   Thumb Code     0  d2f.o(x$fpl$d2f)
    _d2f                                     0x0800a065   Thumb Code    98  d2f.o(x$fpl$d2f)
    __fpl_dcheck_NaN1                        0x0800a0c9   Thumb Code    10  dcheck1.o(x$fpl$dcheck1)
    __fpl_dcmp_Inf                           0x0800a0d9   Thumb Code    24  dcmpi.o(x$fpl$dcmpinf)
    __aeabi_cdcmpeq                          0x0800a0f1   Thumb Code     0  deqf.o(x$fpl$deqf)
    _dcmpeq                                  0x0800a0f1   Thumb Code   120  deqf.o(x$fpl$deqf)
    __aeabi_cdcmple                          0x0800a169   Thumb Code     0  dleqf.o(x$fpl$dleqf)
    _dcmple                                  0x0800a169   Thumb Code   120  dleqf.o(x$fpl$dleqf)
    __fpl_dcmple_InfNaN                      0x0800a1cb   Thumb Code     0  dleqf.o(x$fpl$dleqf)
    __aeabi_dmul                             0x0800a1e1   Thumb Code     0  dmul.o(x$fpl$dmul)
    _dmul                                    0x0800a1e1   Thumb Code   332  dmul.o(x$fpl$dmul)
    __fpl_dnaninf                            0x0800a335   Thumb Code   156  dnaninf.o(x$fpl$dnaninf)
    __fpl_dretinf                            0x0800a3d1   Thumb Code    12  dretinf.o(x$fpl$dretinf)
    __aeabi_cdrcmple                         0x0800a3dd   Thumb Code     0  drleqf.o(x$fpl$drleqf)
    _drcmple                                 0x0800a3dd   Thumb Code   108  drleqf.o(x$fpl$drleqf)
    __aeabi_f2d                              0x0800a449   Thumb Code     0  f2d.o(x$fpl$f2d)
    _f2d                                     0x0800a449   Thumb Code    86  f2d.o(x$fpl$f2d)
    __fpl_fnaninf                            0x0800a49f   Thumb Code   140  fnaninf.o(x$fpl$fnaninf)
    _fp_init                                 0x0800a52b   Thumb Code    26  fpinit.o(x$fpl$fpinit)
    __fplib_config_fpu_vfp                   0x0800a543   Thumb Code     0  fpinit.o(x$fpl$fpinit)
    __fplib_config_pureend_doubles           0x0800a543   Thumb Code     0  fpinit.o(x$fpl$fpinit)
    __fpl_fretinf                            0x0800a545   Thumb Code    10  fretinf.o(x$fpl$fretinf)
    __ieee_status                            0x0800a54f   Thumb Code     6  istatus.o(x$fpl$ieeestatus)
    _printf_fp_dec                           0x0800a555   Thumb Code     4  printf1.o(x$fpl$printf1)
    __fpl_return_NaN                         0x0800a559   Thumb Code   100  retnan.o(x$fpl$retnan)
    __ARM_scalbn                             0x0800a5bd   Thumb Code    92  scalbn.o(x$fpl$scalbn)
    _scanf_real                              0x0800a619   Thumb Code     4  scanf1.o(x$fpl$scanf1)
    _scanf_hex_real                          0x0800a61d   Thumb Code     4  scanf2.o(x$fpl$scanf2)
    _scanf_infnan                            0x0800a621   Thumb Code     4  scanf2.o(x$fpl$scanf2)
    __fpl_cmpreturn                          0x0800a625   Thumb Code    48  trapv.o(x$fpl$trapveneer)
    __I$use$fp                               0x0800a654   Number         0  usenofp.o(x$fpl$usenofp)
    AHBPrescTable                            0x0800a6ee   Data          16  system_stm32f4xx.o(.rodata.AHBPrescTable)
    APBPrescTable                            0x0800a6fe   Data           8  system_stm32f4xx.o(.rodata.APBPrescTable)
    F6x8                                     0x0800a706   Data         552  oled_1.o(.rodata.F6x8)
    F8X16                                    0x0800a92e   Data        1504  oled_1.o(.rodata.F8X16)
    hw                                       0x0800bb0c   Data          12  inv_mpu_1.o(.rodata.hw)
    reg                                      0x0800bb18   Data          27  inv_mpu_1.o(.rodata.reg)
    test                                     0x0800bb34   Data          40  inv_mpu_1.o(.rodata.test)
    Region$$Table$$Base                      0x0800bb5c   Number         0  anon$$obj.o(Region$$Table)
    Region$$Table$$Limit                     0x0800bb7c   Number         0  anon$$obj.o(Region$$Table)
    __aeabi_HUGE_VAL                         0x0800bb7c   Data           0  fpconst.o(c$$dinf)
    __aeabi_HUGE_VALL                        0x0800bb7c   Data           0  fpconst.o(c$$dinf)
    __aeabi_INFINITY                         0x0800bb7c   Data           0  fpconst.o(c$$dinf)
    __dInf                                   0x0800bb7c   Data           0  fpconst.o(c$$dinf)
    __huge_val                               0x0800bb7c   Data           0  fpconst.o(c$$dinf)
    __dbl_max                                0x0800bb84   Data           0  fpconst.o(c$$dmax)
    __ctype                                  0x0800bbb5   Data           0  lc_ctype_c.o(locale$$data)
    uwTickFreq                               0x20000000   Data           1  stm32f4xx_hal.o(.data..L_MergedGlobals)
    uwTickPrio                               0x20000004   Data           4  stm32f4xx_hal.o(.data..L_MergedGlobals)
    CMD_Data                                 0x20000040   Data          27  oled_1.o(.data.CMD_Data)
    ERROR_Integral_Limit_Max_DISTANCE        0x2000005c   Data           4  car_params_config_1.o(.data.ERROR_Integral_Limit_Max_DISTANCE)
    ERROR_Integral_Limit_Min_DISTANCE        0x20000060   Data           4  car_params_config_1.o(.data.ERROR_Integral_Limit_Min_DISTANCE)
    ERROR_KD_DISTANCE                        0x20000064   Data           4  car_params_config_1.o(.data.ERROR_KD_DISTANCE)
    ERROR_KP_DISTANCE                        0x20000068   Data           4  car_params_config_1.o(.data.ERROR_KP_DISTANCE)
    ERROR_OutPut_Max_DISTANCE                0x2000006c   Data           4  car_params_config_1.o(.data.ERROR_OutPut_Max_DISTANCE)
    ERROR_OutPut_Min_DISTANCE                0x20000070   Data           4  car_params_config_1.o(.data.ERROR_OutPut_Min_DISTANCE)
    ERROR_Separation_Threshold_DISTANCE      0x20000074   Data           4  car_params_config_1.o(.data.ERROR_Separation_Threshold_DISTANCE)
    FINDLINE_Integral_Limit_Max_DISTANCE     0x20000078   Data           4  car_params_config_1.o(.data.FINDLINE_Integral_Limit_Max_DISTANCE)
    FINDLINE_Integral_Limit_Min_DISTANCE     0x2000007c   Data           4  car_params_config_1.o(.data.FINDLINE_Integral_Limit_Min_DISTANCE)
    FINDLINE_KD_DISTANCE                     0x20000080   Data           4  car_params_config_1.o(.data.FINDLINE_KD_DISTANCE)
    FINDLINE_KP_DISTANCE                     0x20000084   Data           4  car_params_config_1.o(.data.FINDLINE_KP_DISTANCE)
    FINDLINE_OutPut_Max_DISTANCE             0x20000088   Data           4  car_params_config_1.o(.data.FINDLINE_OutPut_Max_DISTANCE)
    FINDLINE_OutPut_Min_DISTANCE             0x2000008c   Data           4  car_params_config_1.o(.data.FINDLINE_OutPut_Min_DISTANCE)
    FINDLINE_Separation_Threshold_DISTANCE   0x20000090   Data           4  car_params_config_1.o(.data.FINDLINE_Separation_Threshold_DISTANCE)
    Left_DeadZone_DISTANCE                   0x20000094   Data           4  car_params_config_1.o(.data.Left_DeadZone_DISTANCE)
    Left_Integral_Limit_Max_DISTANCE         0x20000098   Data           4  car_params_config_1.o(.data.Left_Integral_Limit_Max_DISTANCE)
    Left_Integral_Limit_Max_SPEED            0x2000009c   Data           4  car_params_config_1.o(.data.Left_Integral_Limit_Max_SPEED)
    Left_Integral_Limit_Min_DISTANCE         0x200000a0   Data           4  car_params_config_1.o(.data.Left_Integral_Limit_Min_DISTANCE)
    Left_Integral_Limit_Min_SPEED            0x200000a4   Data           4  car_params_config_1.o(.data.Left_Integral_Limit_Min_SPEED)
    Left_KD_DISTANCE                         0x200000a8   Data           4  car_params_config_1.o(.data.Left_KD_DISTANCE)
    Left_KI_SPEED                            0x200000ac   Data           4  car_params_config_1.o(.data.Left_KI_SPEED)
    Left_KP_DISTANCE                         0x200000b0   Data           4  car_params_config_1.o(.data.Left_KP_DISTANCE)
    Left_KP_SPEED                            0x200000b4   Data           4  car_params_config_1.o(.data.Left_KP_SPEED)
    Left_OutPut_Max_DISTANCE                 0x200000b8   Data           4  car_params_config_1.o(.data.Left_OutPut_Max_DISTANCE)
    Left_OutPut_Max_SPEED                    0x200000bc   Data           4  car_params_config_1.o(.data.Left_OutPut_Max_SPEED)
    Left_OutPut_Min_DISTANCE                 0x200000c0   Data           4  car_params_config_1.o(.data.Left_OutPut_Min_DISTANCE)
    Left_OutPut_Min_SPEED                    0x200000c4   Data           4  car_params_config_1.o(.data.Left_OutPut_Min_SPEED)
    Left_Separation_Threshold_DISTANCE       0x200000c8   Data           4  car_params_config_1.o(.data.Left_Separation_Threshold_DISTANCE)
    Left_Separation_Threshold_SPEED          0x200000cc   Data           4  car_params_config_1.o(.data.Left_Separation_Threshold_SPEED)
    Right_DeadZone_DISTANCE                  0x200000d0   Data           4  car_params_config_1.o(.data.Right_DeadZone_DISTANCE)
    Right_Integral_Limit_Max_DISTANCE        0x200000d4   Data           4  car_params_config_1.o(.data.Right_Integral_Limit_Max_DISTANCE)
    Right_Integral_Limit_Max_SPEED           0x200000d8   Data           4  car_params_config_1.o(.data.Right_Integral_Limit_Max_SPEED)
    Right_Integral_Limit_Min_DISTANCE        0x200000dc   Data           4  car_params_config_1.o(.data.Right_Integral_Limit_Min_DISTANCE)
    Right_Integral_Limit_Min_SPEED           0x200000e0   Data           4  car_params_config_1.o(.data.Right_Integral_Limit_Min_SPEED)
    Right_KD_DISTANCE                        0x200000e4   Data           4  car_params_config_1.o(.data.Right_KD_DISTANCE)
    Right_KI_SPEED                           0x200000e8   Data           4  car_params_config_1.o(.data.Right_KI_SPEED)
    Right_KP_DISTANCE                        0x200000ec   Data           4  car_params_config_1.o(.data.Right_KP_DISTANCE)
    Right_KP_SPEED                           0x200000f0   Data           4  car_params_config_1.o(.data.Right_KP_SPEED)
    Right_OutPut_Max_DISTANCE                0x200000f4   Data           4  car_params_config_1.o(.data.Right_OutPut_Max_DISTANCE)
    Right_OutPut_Max_SPEED                   0x200000f8   Data           4  car_params_config_1.o(.data.Right_OutPut_Max_SPEED)
    Right_OutPut_Min_DISTANCE                0x200000fc   Data           4  car_params_config_1.o(.data.Right_OutPut_Min_DISTANCE)
    Right_OutPut_Min_SPEED                   0x20000100   Data           4  car_params_config_1.o(.data.Right_OutPut_Min_SPEED)
    Right_Separation_Threshold_DISTANCE      0x20000104   Data           4  car_params_config_1.o(.data.Right_Separation_Threshold_DISTANCE)
    Right_Separation_Threshold_SPEED         0x20000108   Data           4  car_params_config_1.o(.data.Right_Separation_Threshold_SPEED)
    SystemCoreClock                          0x2000010c   Data           4  system_stm32f4xx.o(.data.SystemCoreClock)
    __libspace_start                         0x20000110   Data          96  libspace.o(.bss)
    Openmv_Recv_Data                         0x20000170   Data           1  main.o(.bss..L_MergedGlobals)
    __temporary_stack_top$libspace           0x20000170   Data           0  libspace.o(.bss)
    MPU_FLAG                                 0x20000171   Data           1  main.o(.bss..L_MergedGlobals)
    DMP_FLAG                                 0x20000172   Data           1  main.o(.bss..L_MergedGlobals)
    distance_er                              0x20000174   Data           4  main.o(.bss..L_MergedGlobals)
    angle_er                                 0x20000178   Data           4  main.o(.bss..L_MergedGlobals)
    M1_DISTANCE                              0x2000017c   Data           4  main.o(.bss..L_MergedGlobals)
    M1_SPEED                                 0x20000180   Data           4  main.o(.bss..L_MergedGlobals)
    M2_DISTANCE                              0x20000184   Data           4  main.o(.bss..L_MergedGlobals)
    M2_SPEED                                 0x20000188   Data           4  main.o(.bss..L_MergedGlobals)
    display_buff                             0x2000018c   Data          20  main.o(.bss..L_MergedGlobals)
    huart2                                   0x200001a0   Data          72  main.o(.bss..L_MergedGlobals)
    temp_new_m1                              0x200001e8   Data           2  encoder_1.o(.bss..L_MergedGlobals)
    temp_old_m1                              0x200001ea   Data           2  encoder_1.o(.bss..L_MergedGlobals)
    speed_pluse_m1                           0x200001ec   Data           2  encoder_1.o(.bss..L_MergedGlobals)
    m1_distance_rev                          0x200001ee   Data           2  encoder_1.o(.bss..L_MergedGlobals)
    temp_new_m2                              0x200001f0   Data           2  encoder_1.o(.bss..L_MergedGlobals)
    temp_old_m2                              0x200001f2   Data           2  encoder_1.o(.bss..L_MergedGlobals)
    speed_pluse_m2                           0x200001f4   Data           2  encoder_1.o(.bss..L_MergedGlobals)
    m2_distance_rev                          0x200001f6   Data           2  encoder_1.o(.bss..L_MergedGlobals)
    M1_SPEED_REC                             0x200001f8   Data           4  encoder_1.o(.bss..L_MergedGlobals)
    M2_SPEED_REC                             0x200001fc   Data           4  encoder_1.o(.bss..L_MergedGlobals)
    M1_DISTANCE_REC                          0x20000200   Data           4  encoder_1.o(.bss..L_MergedGlobals)
    M2_DISTANCE_REC                          0x20000204   Data           4  encoder_1.o(.bss..L_MergedGlobals)
    SPEED_FILTER_LEFT                        0x20000208   Data          36  encoder_1.o(.bss..L_MergedGlobals)
    SPEED_FILTER_RIGHT                       0x2000022c   Data          36  encoder_1.o(.bss..L_MergedGlobals)
    recv_status                              0x20000262   Data           1  mv_uart_1.o(.bss..L_MergedGlobals)
    RESET_DISTANCE_FLAG                      0x20000264   Data           1  car_control_1.o(.bss..L_MergedGlobals)
    COMPO_ER_OUT                             0x20000268   Data           4  car_control_1.o(.bss..L_MergedGlobals)
    Left_Motor_Position_PID_Out              0x2000026c   Data           4  car_control_1.o(.bss..L_MergedGlobals)
    Left_Motor_Speed_PID_Out                 0x20000270   Data           4  car_control_1.o(.bss..L_MergedGlobals)
    Right_Motor_Position_PID_Out             0x20000274   Data           4  car_control_1.o(.bss..L_MergedGlobals)
    Right_Motor_Speed_PID_Out                0x20000278   Data           4  car_control_1.o(.bss..L_MergedGlobals)
    Find_Line_Error                          0x2000027c   Data           4  car_control_1.o(.bss..L_MergedGlobals)
    Find_Line_EROutput                       0x20000280   Data           4  car_control_1.o(.bss..L_MergedGlobals)
    Find_Line_LOUT                           0x20000284   Data           4  car_control_1.o(.bss..L_MergedGlobals)
    Find_Line_ROUT                           0x20000288   Data           4  car_control_1.o(.bss..L_MergedGlobals)
    ERROR_FILTER                             0x2000028c   Data          36  car_control_1.o(.bss..L_MergedGlobals)
    Medicine_Car_Task                        0x200002b0   Data           1  task_machine_1.o(.bss..L_MergedGlobals)
    flip_flag0                               0x200002b1   Data           1  task_machine_1.o(.bss..L_MergedGlobals)
    a_temp_step                              0x200002b2   Data           1  task_machine_1.o(.bss..L_MergedGlobals)
    ERROR_DISTANCE_PID                       0x200002b4   Data         120  car_control_1.o(.bss.ERROR_DISTANCE_PID)
    ERROR_DeadZone_DISTANCE                  0x2000032c   Data           4  car_params_config_1.o(.bss.ERROR_DeadZone_DISTANCE)
    ERROR_KI_DISTANCE                        0x20000330   Data           4  car_params_config_1.o(.bss.ERROR_KI_DISTANCE)
    FINDLINE_DeadZone_DISTANCE               0x20000334   Data           4  car_params_config_1.o(.bss.FINDLINE_DeadZone_DISTANCE)
    FINDLINE_KI_DISTANCE                     0x20000338   Data           4  car_params_config_1.o(.bss.FINDLINE_KI_DISTANCE)
    FIND_LINE_PID                            0x2000033c   Data         120  car_control_1.o(.bss.FIND_LINE_PID)
    Left_DeadZone_SPEED                      0x200003b4   Data           4  car_params_config_1.o(.bss.Left_DeadZone_SPEED)
    Left_KD_SPEED                            0x200003b8   Data           4  car_params_config_1.o(.bss.Left_KD_SPEED)
    Left_KI_DISTANCE                         0x200003bc   Data           4  car_params_config_1.o(.bss.Left_KI_DISTANCE)
    Medicine_Car                             0x200003c0   Data         480  main.o(.bss.Medicine_Car)
    Openmv_Buff                              0x200005a0   Data         100  main.o(.bss.Openmv_Buff)
    Right_DeadZone_SPEED                     0x20000604   Data           4  car_params_config_1.o(.bss.Right_DeadZone_SPEED)
    Right_KD_SPEED                           0x20000608   Data           4  car_params_config_1.o(.bss.Right_KD_SPEED)
    Right_KI_DISTANCE                        0x2000060c   Data           4  car_params_config_1.o(.bss.Right_KI_DISTANCE)
    T_Data                                   0x20000610   Data           1  mv_uart_1.o(.bss.T_Data)
    delay_tasks                              0x20000614   Data          80  soft_timer_1.o(.bss.delay_tasks)
    hi2c1                                    0x2000066c   Data          84  main.o(.bss.hi2c1)
    htim1                                    0x200006c0   Data          72  main.o(.bss.htim1)
    htim2                                    0x20000708   Data          72  main.o(.bss.htim2)
    htim4                                    0x20000750   Data          72  main.o(.bss.htim4)
    htim6                                    0x20000798   Data          72  main.o(.bss.htim6)
    htim8                                    0x200007e0   Data          72  main.o(.bss.htim8)
    huart3                                   0x20000828   Data          72  main.o(.bss.huart3)
    huart5                                   0x20000870   Data          72  main.o(.bss.huart5)
    uwTick                                   0x20000930   Data           4  stm32f4xx_hal.o(.bss.uwTick)



==============================================================================

Memory Map of the image

  Image Entry point : 0x08000189

  Load Region LR_IROM1 (Base: 0x08000000, Size: 0x0000bdc8, Max: 0x00100000, ABSOLUTE)

    Execution Region ER_IROM1 (Exec base: 0x08000000, Load base: 0x08000000, Size: 0x0000bcb8, Max: 0x00100000, ABSOLUTE)

    Exec Addr    Load Addr    Size         Type   Attr      Idx    E Section Name        Object

    0x08000000   0x08000000   0x00000188   Data   RO            3    RESET               startup_stm32f407xx.o
    0x08000188   0x08000188   0x00000008   Code   RO         1628  * !!!main             c_w.l(__main.o)
    0x08000190   0x08000190   0x0000005c   Code   RO         2038    !!!scatter          c_w.l(__scatter.o)
    0x080001ec   0x080001ec   0x0000001a   Code   RO         2042    !!handler_copy      c_w.l(__scatter_copy.o)
    0x08000206   0x08000206   0x00000002   PAD
    0x08000208   0x08000208   0x00000002   Code   RO         2039    !!handler_null      c_w.l(__scatter.o)
    0x0800020a   0x0800020a   0x00000002   PAD
    0x0800020c   0x0800020c   0x0000001c   Code   RO         2044    !!handler_zi        c_w.l(__scatter_zi.o)
    0x08000228   0x08000228   0x00000000   Code   RO         1617    .ARM.Collect$$_printf_percent$$00000000  c_w.l(_printf_percent.o)
    0x08000228   0x08000228   0x00000006   Code   RO         1616    .ARM.Collect$$_printf_percent$$00000003  c_w.l(_printf_f.o)
    0x0800022e   0x0800022e   0x00000006   Code   RO         1615    .ARM.Collect$$_printf_percent$$00000009  c_w.l(_printf_d.o)
    0x08000234   0x08000234   0x00000004   Code   RO         1686    .ARM.Collect$$_printf_percent$$00000017  c_w.l(_printf_percent_end.o)
    0x08000238   0x08000238   0x00000002   Code   RO         1872    .ARM.Collect$$libinit$$00000000  c_w.l(libinit.o)
    0x0800023a   0x0800023a   0x00000004   Code   RO         1873    .ARM.Collect$$libinit$$00000001  c_w.l(libinit2.o)
    0x0800023e   0x0800023e   0x00000000   Code   RO         1876    .ARM.Collect$$libinit$$00000004  c_w.l(libinit2.o)
    0x0800023e   0x0800023e   0x00000000   Code   RO         1878    .ARM.Collect$$libinit$$00000006  c_w.l(libinit2.o)
    0x0800023e   0x0800023e   0x00000000   Code   RO         1881    .ARM.Collect$$libinit$$0000000C  c_w.l(libinit2.o)
    0x0800023e   0x0800023e   0x00000000   Code   RO         1883    .ARM.Collect$$libinit$$0000000E  c_w.l(libinit2.o)
    0x0800023e   0x0800023e   0x00000000   Code   RO         1885    .ARM.Collect$$libinit$$00000010  c_w.l(libinit2.o)
    0x0800023e   0x0800023e   0x00000006   Code   RO         1886    .ARM.Collect$$libinit$$00000011  c_w.l(libinit2.o)
    0x08000244   0x08000244   0x00000000   Code   RO         1888    .ARM.Collect$$libinit$$00000013  c_w.l(libinit2.o)
    0x08000244   0x08000244   0x0000000c   Code   RO         1889    .ARM.Collect$$libinit$$00000014  c_w.l(libinit2.o)
    0x08000250   0x08000250   0x00000000   Code   RO         1890    .ARM.Collect$$libinit$$00000015  c_w.l(libinit2.o)
    0x08000250   0x08000250   0x00000000   Code   RO         1892    .ARM.Collect$$libinit$$00000017  c_w.l(libinit2.o)
    0x08000250   0x08000250   0x0000000a   Code   RO         1893    .ARM.Collect$$libinit$$00000018  c_w.l(libinit2.o)
    0x0800025a   0x0800025a   0x00000000   Code   RO         1894    .ARM.Collect$$libinit$$00000019  c_w.l(libinit2.o)
    0x0800025a   0x0800025a   0x00000000   Code   RO         1896    .ARM.Collect$$libinit$$0000001B  c_w.l(libinit2.o)
    0x0800025a   0x0800025a   0x00000000   Code   RO         1898    .ARM.Collect$$libinit$$0000001D  c_w.l(libinit2.o)
    0x0800025a   0x0800025a   0x00000000   Code   RO         1900    .ARM.Collect$$libinit$$0000001F  c_w.l(libinit2.o)
    0x0800025a   0x0800025a   0x00000000   Code   RO         1902    .ARM.Collect$$libinit$$00000021  c_w.l(libinit2.o)
    0x0800025a   0x0800025a   0x00000000   Code   RO         1904    .ARM.Collect$$libinit$$00000023  c_w.l(libinit2.o)
    0x0800025a   0x0800025a   0x00000000   Code   RO         1906    .ARM.Collect$$libinit$$00000025  c_w.l(libinit2.o)
    0x0800025a   0x0800025a   0x00000000   Code   RO         1908    .ARM.Collect$$libinit$$00000027  c_w.l(libinit2.o)
    0x0800025a   0x0800025a   0x00000000   Code   RO         1912    .ARM.Collect$$libinit$$0000002E  c_w.l(libinit2.o)
    0x0800025a   0x0800025a   0x00000000   Code   RO         1914    .ARM.Collect$$libinit$$00000030  c_w.l(libinit2.o)
    0x0800025a   0x0800025a   0x00000000   Code   RO         1916    .ARM.Collect$$libinit$$00000032  c_w.l(libinit2.o)
    0x0800025a   0x0800025a   0x00000000   Code   RO         1918    .ARM.Collect$$libinit$$00000034  c_w.l(libinit2.o)
    0x0800025a   0x0800025a   0x00000002   Code   RO         1919    .ARM.Collect$$libinit$$00000035  c_w.l(libinit2.o)
    0x0800025c   0x0800025c   0x00000002   Code   RO         1997    .ARM.Collect$$libshutdown$$00000000  c_w.l(libshutdown.o)
    0x0800025e   0x0800025e   0x00000000   Code   RO         2017    .ARM.Collect$$libshutdown$$00000002  c_w.l(libshutdown2.o)
    0x0800025e   0x0800025e   0x00000000   Code   RO         2019    .ARM.Collect$$libshutdown$$00000004  c_w.l(libshutdown2.o)
    0x0800025e   0x0800025e   0x00000000   Code   RO         2022    .ARM.Collect$$libshutdown$$00000007  c_w.l(libshutdown2.o)
    0x0800025e   0x0800025e   0x00000000   Code   RO         2025    .ARM.Collect$$libshutdown$$0000000A  c_w.l(libshutdown2.o)
    0x0800025e   0x0800025e   0x00000000   Code   RO         2027    .ARM.Collect$$libshutdown$$0000000C  c_w.l(libshutdown2.o)
    0x0800025e   0x0800025e   0x00000000   Code   RO         2030    .ARM.Collect$$libshutdown$$0000000F  c_w.l(libshutdown2.o)
    0x0800025e   0x0800025e   0x00000002   Code   RO         2031    .ARM.Collect$$libshutdown$$00000010  c_w.l(libshutdown2.o)
    0x08000260   0x08000260   0x00000000   Code   RO         1669    .ARM.Collect$$rtentry$$00000000  c_w.l(__rtentry.o)
    0x08000260   0x08000260   0x00000000   Code   RO         1749    .ARM.Collect$$rtentry$$00000002  c_w.l(__rtentry2.o)
    0x08000260   0x08000260   0x00000006   Code   RO         1761    .ARM.Collect$$rtentry$$00000004  c_w.l(__rtentry4.o)
    0x08000266   0x08000266   0x00000000   Code   RO         1751    .ARM.Collect$$rtentry$$00000009  c_w.l(__rtentry2.o)
    0x08000266   0x08000266   0x00000004   Code   RO         1752    .ARM.Collect$$rtentry$$0000000A  c_w.l(__rtentry2.o)
    0x0800026a   0x0800026a   0x00000000   Code   RO         1754    .ARM.Collect$$rtentry$$0000000C  c_w.l(__rtentry2.o)
    0x0800026a   0x0800026a   0x00000008   Code   RO         1755    .ARM.Collect$$rtentry$$0000000D  c_w.l(__rtentry2.o)
    0x08000272   0x08000272   0x00000002   Code   RO         1928    .ARM.Collect$$rtexit$$00000000  c_w.l(rtexit.o)
    0x08000274   0x08000274   0x00000000   Code   RO         1960    .ARM.Collect$$rtexit$$00000002  c_w.l(rtexit2.o)
    0x08000274   0x08000274   0x00000004   Code   RO         1961    .ARM.Collect$$rtexit$$00000003  c_w.l(rtexit2.o)
    0x08000278   0x08000278   0x00000006   Code   RO         1962    .ARM.Collect$$rtexit$$00000004  c_w.l(rtexit2.o)
    0x0800027e   0x0800027e   0x00000002   PAD
    0x08000280   0x08000280   0x00000040   Code   RO            4    .text               startup_stm32f407xx.o
    0x080002c0   0x080002c0   0x000000f0   Code   RO         1583    .text               c_w.l(lludivv7m.o)
    0x080003b0   0x080003b0   0x00000074   Code   RO         1585    .text               c_w.l(llsdiv.o)
    0x08000424   0x08000424   0x00000028   Code   RO         1589    .text               c_w.l(noretval__2sprintf.o)
    0x0800044c   0x0800044c   0x00000078   Code   RO         1593    .text               c_w.l(_printf_dec.o)
    0x080004c4   0x080004c4   0x0000010e   Code   RO         1603    .text               c_w.l(__printf_wp.o)
    0x080005d2   0x080005d2   0x00000002   PAD
    0x080005d4   0x080005d4   0x0000003c   Code   RO         1618    .text               c_w.l(__0sscanf.o)
    0x08000610   0x08000610   0x0000014c   Code   RO         1620    .text               c_w.l(_scanf_int.o)
    0x0800075c   0x0800075c   0x00000058   Code   RO         1622    .text               c_w.l(memcmp.o)
    0x080007b4   0x080007b4   0x0000004e   Code   RO         1624    .text               c_w.l(rt_memclr_w.o)
    0x08000802   0x08000802   0x00000006   Code   RO         1626    .text               c_w.l(heapauxi.o)
    0x08000808   0x08000808   0x00000016   Code   RO         1674    .text               c_w.l(_rserrno.o)
    0x0800081e   0x0800081e   0x000000b2   Code   RO         1676    .text               c_w.l(_printf_intcommon.o)
    0x080008d0   0x080008d0   0x0000041c   Code   RO         1678    .text               c_w.l(_printf_fp_dec.o)
    0x08000cec   0x08000cec   0x00000030   Code   RO         1682    .text               c_w.l(_printf_char_common.o)
    0x08000d1c   0x08000d1c   0x0000000a   Code   RO         1684    .text               c_w.l(_sputc.o)
    0x08000d26   0x08000d26   0x0000001c   Code   RO         1687    .text               c_w.l(_chval.o)
    0x08000d42   0x08000d42   0x00000002   PAD
    0x08000d44   0x08000d44   0x000004f8   Code   RO         1689    .text               c_w.l(scanf_fp.o)
    0x0800123c   0x0800123c   0x0000002c   Code   RO         1693    .text               c_w.l(scanf_char.o)
    0x08001268   0x08001268   0x00000040   Code   RO         1695    .text               c_w.l(_sgetc.o)
    0x080012a8   0x080012a8   0x00000008   Code   RO         1768    .text               c_w.l(rt_locale_intlibspace.o)
    0x080012b0   0x080012b0   0x00000008   Code   RO         1773    .text               c_w.l(rt_errno_addr_intlibspace.o)
    0x080012b8   0x080012b8   0x00000026   Code   RO         1775    .text               c_w.l(llshl.o)
    0x080012de   0x080012de   0x0000008a   Code   RO         1777    .text               c_w.l(lludiv10.o)
    0x08001368   0x08001368   0x00000012   Code   RO         1779    .text               c_w.l(isspace.o)
    0x0800137a   0x0800137a   0x00000002   PAD
    0x0800137c   0x0800137c   0x00000080   Code   RO         1781    .text               c_w.l(_printf_fp_infnan.o)
    0x080013fc   0x080013fc   0x00000374   Code   RO         1785    .text               c_w.l(_scanf.o)
    0x08001770   0x08001770   0x000000e4   Code   RO         1787    .text               c_w.l(bigflt0.o)
    0x08001854   0x08001854   0x00000008   Code   RO         1846    .text               c_w.l(libspace.o)
    0x0800185c   0x0800185c   0x0000004a   Code   RO         1849    .text               c_w.l(sys_stackheap_outer.o)
    0x080018a6   0x080018a6   0x00000002   PAD
    0x080018a8   0x080018a8   0x00000010   Code   RO         1851    .text               c_w.l(rt_ctype_table.o)
    0x080018b8   0x080018b8   0x00000320   Code   RO         1853    .text               c_w.l(scanf_hexfp.o)
    0x08001bd8   0x08001bd8   0x00000134   Code   RO         1855    .text               c_w.l(scanf_infnan.o)
    0x08001d0c   0x08001d0c   0x00000012   Code   RO         1859    .text               c_w.l(exit.o)
    0x08001d1e   0x08001d1e   0x00000002   PAD
    0x08001d20   0x08001d20   0x0000007c   Code   RO         1865    .text               c_w.l(strcmpv7em.o)
    0x08001d9c   0x08001d9c   0x0000000c   Code   RO         1955    .text               c_w.l(sys_exit.o)
    0x08001da8   0x08001da8   0x00000002   Code   RO         1984    .text               c_w.l(use_no_semi.o)
    0x08001daa   0x08001daa   0x00000000   Code   RO         1986    .text               c_w.l(indicate_semi.o)
    0x08001daa   0x08001daa   0x00000002   PAD
    0x08001dac   0x08001dac   0x00000002   Code   RO           61    .text.BusFault_Handler  stm32f4xx_it.o
    0x08001dae   0x08001dae   0x00000002   PAD
    0x08001db0   0x08001db0   0x00000090   Code   RO         1107    .text.Calc_Speed    encoder_1.o
    0x08001e40   0x08001e40   0x000002d6   Code   RO         1454    .text.Car_Init      car_control_1.o
    0x08002116   0x08002116   0x00000002   PAD
    0x08002118   0x08002118   0x0000003a   Code   RO         1458    .text.Car_Position_Mode_OFF  car_control_1.o
    0x08002152   0x08002152   0x00000002   PAD
    0x08002154   0x08002154   0x00000002   Code   RO           67    .text.DebugMon_Handler  stm32f4xx_it.o
    0x08002156   0x08002156   0x00000002   PAD
    0x08002158   0x08002158   0x000000a4   Code   RO         1370    .text.Decode        mv_uart_1.o
    0x080021fc   0x080021fc   0x00000088   Code   RO         1438    .text.ERROR_EARSER_INIT  car_control_1.o
    0x08002284   0x08002284   0x00000006   Code   RO           73    .text.EXTI2_IRQHandler  stm32f4xx_it.o
    0x0800228a   0x0800228a   0x00000002   PAD
    0x0800228c   0x0800228c   0x00000006   Code   RO           75    .text.EXTI3_IRQHandler  stm32f4xx_it.o
    0x08002292   0x08002292   0x00000002   PAD
    0x08002294   0x08002294   0x00000006   Code   RO           77    .text.EXTI9_5_IRQHandler  stm32f4xx_it.o
    0x0800229a   0x0800229a   0x00000002   PAD
    0x0800229c   0x0800229c   0x0000004c   Code   RO         1105    .text.Encoder_Start  encoder_1.o
    0x080022e8   0x080022e8   0x00000040   Code   RO         1117    .text.Get_M1_Distance  encoder_1.o
    0x08002328   0x08002328   0x000000b4   Code   RO         1109    .text.Get_M1_Speed  encoder_1.o
    0x080023dc   0x080023dc   0x00000040   Code   RO         1119    .text.Get_M2_Distance  encoder_1.o
    0x0800241c   0x0800241c   0x000000b4   Code   RO         1111    .text.Get_M2_Speed  encoder_1.o
    0x080024d0   0x080024d0   0x00000176   Code   RO         1448    .text.Go_Backward   car_control_1.o
    0x08002646   0x08002646   0x00000002   PAD
    0x08002648   0x08002648   0x00000176   Code   RO         1446    .text.Go_Forward    car_control_1.o
    0x080027be   0x080027be   0x00000002   PAD
    0x080027c0   0x080027c0   0x0000008e   Code   RO          418    .text.HAL_DMA_Abort  stm32f4xx_hal_dma.o
    0x0800284e   0x0800284e   0x00000002   PAD
    0x08002850   0x08002850   0x00000024   Code   RO          420    .text.HAL_DMA_Abort_IT  stm32f4xx_hal_dma.o
    0x08002874   0x08002874   0x00000028   Code   RO          577    .text.HAL_Delay     stm32f4xx_hal.o
    0x0800289c   0x0800289c   0x00000014   Code   RO           11    .text.HAL_GPIO_EXTI_Callback  main.o
    0x080028b0   0x080028b0   0x00000016   Code   RO          384    .text.HAL_GPIO_EXTI_IRQHandler  stm32f4xx_hal_gpio.o
    0x080028c6   0x080028c6   0x00000002   PAD
    0x080028c8   0x080028c8   0x0000019e   Code   RO          372    .text.HAL_GPIO_Init  stm32f4xx_hal_gpio.o
    0x08002a66   0x08002a66   0x00000002   PAD
    0x08002a68   0x08002a68   0x0000000a   Code   RO          376    .text.HAL_GPIO_ReadPin  stm32f4xx_hal_gpio.o
    0x08002a72   0x08002a72   0x00000002   PAD
    0x08002a74   0x08002a74   0x00000010   Code   RO          380    .text.HAL_GPIO_TogglePin  stm32f4xx_hal_gpio.o
    0x08002a84   0x08002a84   0x0000000a   Code   RO          378    .text.HAL_GPIO_WritePin  stm32f4xx_hal_gpio.o
    0x08002a8e   0x08002a8e   0x00000002   PAD
    0x08002a90   0x08002a90   0x0000000c   Code   RO          569    .text.HAL_GetTick   stm32f4xx_hal.o
    0x08002a9c   0x08002a9c   0x00000164   Code   RO          123    .text.HAL_I2C_Init  stm32f4xx_hal_i2c.o
    0x08002c00   0x08002c00   0x0000015c   Code   RO          167    .text.HAL_I2C_Mem_Write  stm32f4xx_hal_i2c.o
    0x08002d5c   0x08002d5c   0x00000074   Code   RO           93    .text.HAL_I2C_MspInit  stm32f4xx_hal_msp.o
    0x08002dd0   0x08002dd0   0x0000001a   Code   RO          567    .text.HAL_IncTick   stm32f4xx_hal.o
    0x08002dea   0x08002dea   0x00000002   PAD
    0x08002dec   0x08002dec   0x00000036   Code   RO          557    .text.HAL_Init      stm32f4xx_hal.o
    0x08002e22   0x08002e22   0x00000002   PAD
    0x08002e24   0x08002e24   0x00000048   Code   RO          559    .text.HAL_InitTick  stm32f4xx_hal.o
    0x08002e6c   0x08002e6c   0x00000038   Code   RO           91    .text.HAL_MspInit   stm32f4xx_hal_msp.o
    0x08002ea4   0x08002ea4   0x00000022   Code   RO          509    .text.HAL_NVIC_EnableIRQ  stm32f4xx_hal_cortex.o
    0x08002ec6   0x08002ec6   0x00000002   PAD
    0x08002ec8   0x08002ec8   0x00000056   Code   RO          507    .text.HAL_NVIC_SetPriority  stm32f4xx_hal_cortex.o
    0x08002f1e   0x08002f1e   0x00000002   PAD
    0x08002f20   0x08002f20   0x00000020   Code   RO          505    .text.HAL_NVIC_SetPriorityGrouping  stm32f4xx_hal_cortex.o
    0x08002f40   0x08002f40   0x00000164   Code   RO          266    .text.HAL_RCC_ClockConfig  stm32f4xx_hal_rcc.o
    0x080030a4   0x080030a4   0x00000026   Code   RO          278    .text.HAL_RCC_GetPCLK1Freq  stm32f4xx_hal_rcc.o
    0x080030ca   0x080030ca   0x00000002   PAD
    0x080030cc   0x080030cc   0x00000026   Code   RO          280    .text.HAL_RCC_GetPCLK2Freq  stm32f4xx_hal_rcc.o
    0x080030f2   0x080030f2   0x00000002   PAD
    0x080030f4   0x080030f4   0x0000006a   Code   RO          268    .text.HAL_RCC_GetSysClockFreq  stm32f4xx_hal_rcc.o
    0x0800315e   0x0800315e   0x00000002   PAD
    0x08003160   0x08003160   0x000003ac   Code   RO          264    .text.HAL_RCC_OscConfig  stm32f4xx_hal_rcc.o
    0x0800350c   0x0800350c   0x0000002c   Code   RO          517    .text.HAL_SYSTICK_Config  stm32f4xx_hal_cortex.o
    0x08003538   0x08003538   0x00000002   Code   RO          952    .text.HAL_TIMEx_BreakCallback  stm32f4xx_hal_tim_ex.o
    0x0800353a   0x0800353a   0x00000002   PAD
    0x0800353c   0x0800353c   0x00000002   Code   RO          948    .text.HAL_TIMEx_CommutCallback  stm32f4xx_hal_tim_ex.o
    0x0800353e   0x0800353e   0x00000002   PAD
    0x08003540   0x08003540   0x0000004c   Code   RO          944    .text.HAL_TIMEx_ConfigBreakDeadTime  stm32f4xx_hal_tim_ex.o
    0x0800358c   0x0800358c   0x000000ba   Code   RO          942    .text.HAL_TIMEx_MasterConfigSynchronization  stm32f4xx_hal_tim_ex.o
    0x08003646   0x08003646   0x00000002   PAD
    0x08003648   0x08003648   0x0000005a   Code   RO          647    .text.HAL_TIM_Base_Init  stm32f4xx_hal_tim.o
    0x080036a2   0x080036a2   0x00000002   PAD
    0x080036a4   0x080036a4   0x00000070   Code   RO           99    .text.HAL_TIM_Base_MspInit  stm32f4xx_hal_msp.o
    0x08003714   0x08003714   0x000000aa   Code   RO          661    .text.HAL_TIM_Base_Start_IT  stm32f4xx_hal_tim.o
    0x080037be   0x080037be   0x00000002   PAD
    0x080037c0   0x080037c0   0x000001a0   Code   RO          827    .text.HAL_TIM_ConfigClockSource  stm32f4xx_hal_tim.o
    0x08003960   0x08003960   0x000000b2   Code   RO          761    .text.HAL_TIM_Encoder_Init  stm32f4xx_hal_tim.o
    0x08003a12   0x08003a12   0x00000002   PAD
    0x08003a14   0x08003a14   0x000000c4   Code   RO          101    .text.HAL_TIM_Encoder_MspInit  stm32f4xx_hal_msp.o
    0x08003ad8   0x08003ad8   0x000000bc   Code   RO          769    .text.HAL_TIM_Encoder_Start  stm32f4xx_hal_tim.o
    0x08003b94   0x08003b94   0x00000002   Code   RO          783    .text.HAL_TIM_IC_CaptureCallback  stm32f4xx_hal_tim.o
    0x08003b96   0x08003b96   0x00000002   PAD
    0x08003b98   0x08003b98   0x0000014e   Code   RO          781    .text.HAL_TIM_IRQHandler  stm32f4xx_hal_tim.o
    0x08003ce6   0x08003ce6   0x00000002   PAD
    0x08003ce8   0x08003ce8   0x0000008e   Code   RO          103    .text.HAL_TIM_MspPostInit  stm32f4xx_hal_msp.o
    0x08003d76   0x08003d76   0x00000002   PAD
    0x08003d78   0x08003d78   0x00000002   Code   RO          785    .text.HAL_TIM_OC_DelayElapsedCallback  stm32f4xx_hal_tim.o
    0x08003d7a   0x08003d7a   0x00000002   PAD
    0x08003d7c   0x08003d7c   0x00000220   Code   RO          801    .text.HAL_TIM_PWM_ConfigChannel  stm32f4xx_hal_tim.o
    0x08003f9c   0x08003f9c   0x0000005a   Code   RO          701    .text.HAL_TIM_PWM_Init  stm32f4xx_hal_tim.o
    0x08003ff6   0x08003ff6   0x00000002   PAD
    0x08003ff8   0x08003ff8   0x00000032   Code   RO           97    .text.HAL_TIM_PWM_MspInit  stm32f4xx_hal_msp.o
    0x0800402a   0x0800402a   0x00000002   PAD
    0x0800402c   0x0800402c   0x00000002   Code   RO          787    .text.HAL_TIM_PWM_PulseFinishedCallback  stm32f4xx_hal_tim.o
    0x0800402e   0x0800402e   0x00000002   PAD
    0x08004030   0x08004030   0x0000010e   Code   RO          709    .text.HAL_TIM_PWM_Start  stm32f4xx_hal_tim.o
    0x0800413e   0x0800413e   0x00000002   PAD
    0x08004140   0x08004140   0x00000002   Code   RO          789    .text.HAL_TIM_PeriodElapsedCallback  stm32f4xx_hal_tim.o
    0x08004142   0x08004142   0x00000002   PAD
    0x08004144   0x08004144   0x00000002   Code   RO          791    .text.HAL_TIM_TriggerCallback  stm32f4xx_hal_tim.o
    0x08004146   0x08004146   0x00000002   PAD
    0x08004148   0x08004148   0x00000002   Code   RO         1052    .text.HAL_UARTEx_RxEventCallback  stm32f4xx_hal_uart.o
    0x0800414a   0x0800414a   0x00000002   PAD
    0x0800414c   0x0800414c   0x00000002   Code   RO         1050    .text.HAL_UART_ErrorCallback  stm32f4xx_hal_uart.o
    0x0800414e   0x0800414e   0x00000002   PAD
    0x08004150   0x08004150   0x00000594   Code   RO         1044    .text.HAL_UART_IRQHandler  stm32f4xx_hal_uart.o
    0x080046e4   0x080046e4   0x00000060   Code   RO          966    .text.HAL_UART_Init  stm32f4xx_hal_uart.o
    0x08004744   0x08004744   0x000001e2   Code   RO          111    .text.HAL_UART_MspInit  stm32f4xx_hal_msp.o
    0x08004926   0x08004926   0x00000002   PAD
    0x08004928   0x08004928   0x00000054   Code   RO          988    .text.HAL_UART_Receive_IT  stm32f4xx_hal_uart.o
    0x0800497c   0x0800497c   0x00000038   Code   RO           13    .text.HAL_UART_RxCpltCallback  main.o
    0x080049b4   0x080049b4   0x00000192   Code   RO          982    .text.HAL_UART_Transmit  stm32f4xx_hal_uart.o
    0x08004b46   0x08004b46   0x00000002   PAD
    0x08004b48   0x08004b48   0x00000002   Code   RO         1054    .text.HAL_UART_TxCpltCallback  stm32f4xx_hal_uart.o
    0x08004b4a   0x08004b4a   0x00000002   PAD
    0x08004b4c   0x08004b4c   0x00000002   Code   RO           57    .text.HardFault_Handler  stm32f4xx_it.o
    0x08004b4e   0x08004b4e   0x00000002   PAD
    0x08004b50   0x08004b50   0x000000c8   Code   RO          169    .text.I2C_RequestMemoryWrite  stm32f4xx_hal_i2c.o
    0x08004c18   0x08004c18   0x000000ba   Code   RO          137    .text.I2C_WaitOnBTFFlagUntilTimeout  stm32f4xx_hal_i2c.o
    0x08004cd2   0x08004cd2   0x00000002   PAD
    0x08004cd4   0x08004cd4   0x000001ca   Code   RO          133    .text.I2C_WaitOnFlagUntilTimeout  stm32f4xx_hal_i2c.o
    0x08004e9e   0x08004e9e   0x00000002   PAD
    0x08004ea0   0x08004ea0   0x000000d6   Code   RO          251    .text.I2C_WaitOnMasterAddressFlagUntilTimeout  stm32f4xx_hal_i2c.o
    0x08004f76   0x08004f76   0x00000002   PAD
    0x08004f78   0x08004f78   0x000000ba   Code   RO          135    .text.I2C_WaitOnTXEFlagUntilTimeout  stm32f4xx_hal_i2c.o
    0x08005032   0x08005032   0x00000002   PAD
    0x08005034   0x08005034   0x00000060   Code   RO         1144    .text.IIC_GPIO_Init  iic_1.o
    0x08005094   0x08005094   0x000001b0   Code   RO         1136    .text.IIC_Read_Byte  iic_1.o
    0x08005244   0x08005244   0x00000118   Code   RO         1134    .text.IIC_Send_Byte  iic_1.o
    0x0800535c   0x0800535c   0x00000036   Code   RO         1130    .text.IIC_Start     iic_1.o
    0x08005392   0x08005392   0x00000002   PAD
    0x08005394   0x08005394   0x0000002c   Code   RO         1132    .text.IIC_Stop      iic_1.o
    0x080053c0   0x080053c0   0x00000040   Code   RO         1142    .text.IIC_Wait_Ack  iic_1.o
    0x08005400   0x08005400   0x000000b4   Code   RO         1428    .text.Load          tb6612_1.o
    0x080054b4   0x080054b4   0x000000bc   Code   RO         1338    .text.MPU_Init      mpu6050_1.o
    0x08005570   0x08005570   0x00000070   Code   RO         1354    .text.MPU_Read_Len  mpu6050_1.o
    0x080055e0   0x080055e0   0x00000044   Code   RO         1340    .text.MPU_Write_Byte  mpu6050_1.o
    0x08005624   0x08005624   0x00000058   Code   RO         1360    .text.MPU_Write_Len  mpu6050_1.o
    0x0800567c   0x0800567c   0x00000002   Code   RO           59    .text.MemManage_Handler  stm32f4xx_it.o
    0x0800567e   0x0800567e   0x00000002   PAD
    0x08005680   0x08005680   0x00000002   Code   RO           55    .text.NMI_Handler   stm32f4xx_it.o
    0x08005682   0x08005682   0x00000002   PAD
    0x08005684   0x08005684   0x000000ac   Code   RO         1392    .text.OLED_Clear    oled_1.o
    0x08005730   0x08005730   0x00000010   Code   RO         1390    .text.OLED_Init     oled_1.o
    0x08005740   0x08005740   0x000003a8   Code   RO         1406    .text.OLED_ShowChar  oled_1.o
    0x08005ae8   0x08005ae8   0x00000040   Code   RO         1408    .text.OLED_ShowString  oled_1.o
    0x08005b28   0x08005b28   0x00000002   Code   RO           69    .text.PendSV_Handler  stm32f4xx_it.o
    0x08005b2a   0x08005b2a   0x00000002   PAD
    0x08005b2c   0x08005b2c   0x0000001c   Code   RO         1113    .text.Reset_M1_Distance  encoder_1.o
    0x08005b48   0x08005b48   0x0000001c   Code   RO         1115    .text.Reset_M2_Distance  encoder_1.o
    0x08005b64   0x08005b64   0x00000002   Code   RO           65    .text.SVC_Handler   stm32f4xx_it.o
    0x08005b66   0x08005b66   0x00000002   PAD
    0x08005b68   0x08005b68   0x0000000e   Code   RO           71    .text.SysTick_Handler  stm32f4xx_it.o
    0x08005b76   0x08005b76   0x00000002   PAD
    0x08005b78   0x08005b78   0x000000a8   Code   RO           17    .text.SystemClock_Config  main.o
    0x08005c20   0x08005c20   0x00000012   Code   RO         1088    .text.SystemInit    system_stm32f4xx.o
    0x08005c32   0x08005c32   0x00000002   PAD
    0x08005c34   0x08005c34   0x00000130   Code   RO         1572    .text.TASK_RUN      task_machine_1.o
    0x08005d64   0x08005d64   0x0000001e   Code   RO         1426    .text.TB6612_Init   tb6612_1.o
    0x08005d82   0x08005d82   0x00000002   PAD
    0x08005d84   0x08005d84   0x00000022   Code   RO           81    .text.TIM6_DAC_IRQHandler  stm32f4xx_it.o
    0x08005da6   0x08005da6   0x00000002   PAD
    0x08005da8   0x08005da8   0x0000013a   Code   RO          651    .text.TIM_Base_SetConfig  stm32f4xx_hal_tim.o
    0x08005ee2   0x08005ee2   0x00000002   PAD
    0x08005ee4   0x08005ee4   0x00000038   Code   RO         1372    .text.Transmit      mv_uart_1.o
    0x08005f1c   0x08005f1c   0x000001d2   Code   RO         1450    .text.Turn_Left     car_control_1.o
    0x080060ee   0x080060ee   0x00000002   PAD
    0x080060f0   0x080060f0   0x000001d2   Code   RO         1452    .text.Turn_Right    car_control_1.o
    0x080062c2   0x080062c2   0x00000002   PAD
    0x080062c4   0x080062c4   0x0000000a   Code   RO         1048    .text.UART_DMAAbortOnError  stm32f4xx_hal_uart.o
    0x080062ce   0x080062ce   0x00000002   PAD
    0x080062d0   0x080062d0   0x000000fe   Code   RO         1046    .text.UART_Receive_IT  stm32f4xx_hal_uart.o
    0x080063ce   0x080063ce   0x00000002   PAD
    0x080063d0   0x080063d0   0x000000e6   Code   RO          970    .text.UART_SetConfig  stm32f4xx_hal_uart.o
    0x080064b6   0x080064b6   0x00000002   PAD
    0x080064b8   0x080064b8   0x0000000c   Code   RO           79    .text.USART2_IRQHandler  stm32f4xx_it.o
    0x080064c4   0x080064c4   0x00000002   Code   RO           63    .text.UsageFault_Handler  stm32f4xx_it.o
    0x080064c6   0x080064c6   0x00000002   PAD
    0x080064c8   0x080064c8   0x0000025e   Code   RO         1384    .text.WriteCmd      oled_1.o
    0x08006726   0x08006726   0x00000002   PAD
    0x08006728   0x08006728   0x00000034   Code   RO         1554    .text.delay_timer   soft_timer_1.o
    0x0800675c   0x0800675c   0x000002a0   Code   RO         1302    .text.dmp_enable_feature  inv_mpu_dmp_motion_driver_1.o
    0x080069fc   0x080069fc   0x00000016   Code   RO         1266    .text.dmp_load_motion_driver_firmware  inv_mpu_dmp_motion_driver_1.o
    0x08006a12   0x08006a12   0x00000002   PAD
    0x08006a14   0x08006a14   0x000000c0   Code   RO         1272    .text.dmp_set_accel_bias  inv_mpu_dmp_motion_driver_1.o
    0x08006ad4   0x08006ad4   0x00000070   Code   RO         1274    .text.dmp_set_fifo_rate  inv_mpu_dmp_motion_driver_1.o
    0x08006b44   0x08006b44   0x000000e0   Code   RO         1270    .text.dmp_set_gyro_bias  inv_mpu_dmp_motion_driver_1.o
    0x08006c24   0x08006c24   0x000000e8   Code   RO         1268    .text.dmp_set_orientation  inv_mpu_dmp_motion_driver_1.o
    0x08006d0c   0x08006d0c   0x00000148   Code   RO         1278    .text.dmp_set_tap_thresh  inv_mpu_dmp_motion_driver_1.o
    0x08006e54   0x08006e54   0x0000008c   Code   RO         1103    .text.get_filtered_speed  encoder_1.o
    0x08006ee0   0x08006ee0   0x0000032e   Code   RO         1224    .text.get_st_biases  inv_mpu_1.o
    0x0800720e   0x0800720e   0x00000002   PAD
    0x08007210   0x08007210   0x000000dc   Code   RO         1244    .text.inv_orientation_matrix_to_scalar  inv_mpu_1.o
    0x080072ec   0x080072ec   0x00000738   Code   RO           15    .text.main          main.o
    0x08007a24   0x08007a24   0x000000a8   Code   RO         1170    .text.mpu_configure_fifo  inv_mpu_1.o
    0x08007acc   0x08007acc   0x000000f6   Code   RO         1248    .text.mpu_dmp_init  inv_mpu_1.o
    0x08007bc2   0x08007bc2   0x00000002   PAD
    0x08007bc4   0x08007bc4   0x00000036   Code   RO         1194    .text.mpu_get_accel_fsr  inv_mpu_1.o
    0x08007bfa   0x08007bfa   0x00000002   PAD
    0x08007bfc   0x08007bfc   0x00000040   Code   RO         1206    .text.mpu_get_accel_sens  inv_mpu_1.o
    0x08007c3c   0x08007c3c   0x00000144   Code   RO         1160    .text.mpu_init      inv_mpu_1.o
    0x08007d80   0x08007d80   0x0000013e   Code   RO         1230    .text.mpu_load_firmware  inv_mpu_1.o
    0x08007ebe   0x08007ebe   0x00000002   PAD
    0x08007ec0   0x08007ec0   0x00000230   Code   RO         1176    .text.mpu_lp_accel_mode  inv_mpu_1.o
    0x080080f0   0x080080f0   0x0000017a   Code   RO         1190    .text.mpu_reset_fifo  inv_mpu_1.o
    0x0800826a   0x0800826a   0x00000002   PAD
    0x0800826c   0x0800826c   0x00000890   Code   RO         1220    .text.mpu_run_self_test  inv_mpu_1.o
    0x08008afc   0x08008afc   0x00000096   Code   RO         1164    .text.mpu_set_accel_fsr  inv_mpu_1.o
    0x08008b92   0x08008b92   0x00000002   PAD
    0x08008b94   0x08008b94   0x000000ee   Code   RO         1172    .text.mpu_set_bypass  inv_mpu_1.o
    0x08008c82   0x08008c82   0x00000002   PAD
    0x08008c84   0x08008c84   0x000000e0   Code   RO         1222    .text.mpu_set_dmp_state  inv_mpu_1.o
    0x08008d64   0x08008d64   0x0000009c   Code   RO         1166    .text.mpu_set_lpf   inv_mpu_1.o
    0x08008e00   0x08008e00   0x00000148   Code   RO         1168    .text.mpu_set_sample_rate  inv_mpu_1.o
    0x08008f48   0x08008f48   0x000000e6   Code   RO         1174    .text.mpu_set_sensors  inv_mpu_1.o
    0x0800902e   0x0800902e   0x00000002   PAD
    0x08009030   0x08009030   0x00000080   Code   RO         1226    .text.mpu_write_mem  inv_mpu_1.o
    0x080090b0   0x080090b0   0x00000118   Code   RO         1536    .text.positional_pid_compute  pid_config_1.o
    0x080091c8   0x080091c8   0x00000004   Code   RO         1538    .text.positional_pid_control  pid_config_1.o
    0x080091cc   0x080091cc   0x00000046   Code   RO         1542    .text.positional_pid_controller_init  pid_config_1.o
    0x08009212   0x08009212   0x00000002   PAD
    0x08009214   0x08009214   0x00000022   Code   RO         1544    .text.positional_pid_params_init  pid_config_1.o
    0x08009236   0x08009236   0x00000002   PAD
    0x08009238   0x08009238   0x000000ec   Code   RO         1242    .text.run_self_test  inv_mpu_1.o
    0x08009324   0x08009324   0x00000026   Code   RO         1558    .text.soft_timer_is_timeout  soft_timer_1.o
    0x0800934a   0x0800934a   0x00000002   PAD
    0x0800934c   0x0800934c   0x0000002a   Code   RO         1556    .text.soft_timer_repeat_init  soft_timer_1.o
    0x08009376   0x08009376   0x00000002   PAD
    0x08009378   0x08009378   0x00000130   Code   RO         1560    .text.soft_timer_tick  soft_timer_1.o
    0x080094a8   0x080094a8   0x0000003e   Code   RO         1790    CL$$btod_d2e        c_w.l(btod.o)
    0x080094e6   0x080094e6   0x00000046   Code   RO         1792    CL$$btod_d2e_denorm_low  c_w.l(btod.o)
    0x0800952c   0x0800952c   0x00000060   Code   RO         1791    CL$$btod_d2e_norm_op1  c_w.l(btod.o)
    0x0800958c   0x0800958c   0x00000338   Code   RO         1800    CL$$btod_div_common  c_w.l(btod.o)
    0x080098c4   0x080098c4   0x00000084   Code   RO         1798    CL$$btod_e2d        c_w.l(btod.o)
    0x08009948   0x08009948   0x000000dc   Code   RO         1797    CL$$btod_e2e        c_w.l(btod.o)
    0x08009a24   0x08009a24   0x0000002a   Code   RO         1794    CL$$btod_ediv       c_w.l(btod.o)
    0x08009a4e   0x08009a4e   0x0000002a   Code   RO         1796    CL$$btod_edivd      c_w.l(btod.o)
    0x08009a78   0x08009a78   0x0000002a   Code   RO         1793    CL$$btod_emul       c_w.l(btod.o)
    0x08009aa2   0x08009aa2   0x0000002a   Code   RO         1795    CL$$btod_emuld      c_w.l(btod.o)
    0x08009acc   0x08009acc   0x00000244   Code   RO         1799    CL$$btod_mult_common  c_w.l(btod.o)
    0x08009d10   0x08009d10   0x00000030   Code   RO         1737    i.__ARM_fpclassify  m_wm.l(fpclassify.o)
    0x08009d40   0x08009d40   0x000000f8   Code   RO         1838    i.__hardfp___mathlib_tofloat  m_wm.l(narrow.o)
    0x08009e38   0x08009e38   0x000000d0   Code   RO         1947    i.__hardfp_ldexp    m_wm.l(ldexp.o)
    0x08009f08   0x08009f08   0x00000020   Code   RO         1721    i.__mathlib_dbl_overflow  m_wm.l(dunder.o)
    0x08009f28   0x08009f28   0x00000020   Code   RO         1723    i.__mathlib_dbl_underflow  m_wm.l(dunder.o)
    0x08009f48   0x08009f48   0x00000012   Code   RO         1839    i.__mathlib_narrow  m_wm.l(narrow.o)
    0x08009f5a   0x08009f5a   0x00000014   Code   RO         1949    i.__support_ldexp   m_wm.l(ldexp.o)
    0x08009f6e   0x08009f6e   0x0000000e   Code   RO         1605    i._is_digit         c_w.l(__printf_wp.o)
    0x08009f7c   0x08009f7c   0x00000004   PAD
    0x08009f80   0x08009f80   0x0000008c   Code   RO         1924    i.frexp             m_wm.l(frexp.o)
    0x0800a00c   0x0800a00c   0x0000002c   Code   RO         1818    locale$$code        c_w.l(lc_numeric_c.o)
    0x0800a038   0x0800a038   0x0000002c   Code   RO         1935    locale$$code        c_w.l(lc_ctype_c.o)
    0x0800a064   0x0800a064   0x00000062   Code   RO         1630    x$fpl$d2f           fz_wm.l(d2f.o)
    0x0800a0c6   0x0800a0c6   0x00000002   PAD
    0x0800a0c8   0x0800a0c8   0x00000010   Code   RO         1998    x$fpl$dcheck1       fz_wm.l(dcheck1.o)
    0x0800a0d8   0x0800a0d8   0x00000018   Code   RO         1822    x$fpl$dcmpinf       fz_wm.l(dcmpi.o)
    0x0800a0f0   0x0800a0f0   0x00000078   Code   RO         1699    x$fpl$deqf          fz_wm.l(deqf.o)
    0x0800a168   0x0800a168   0x00000078   Code   RO         1943    x$fpl$dleqf         fz_wm.l(dleqf.o)
    0x0800a1e0   0x0800a1e0   0x00000154   Code   RO         1648    x$fpl$dmul          fz_wm.l(dmul.o)
    0x0800a334   0x0800a334   0x0000009c   Code   RO         1701    x$fpl$dnaninf       fz_wm.l(dnaninf.o)
    0x0800a3d0   0x0800a3d0   0x0000000c   Code   RO         1703    x$fpl$dretinf       fz_wm.l(dretinf.o)
    0x0800a3dc   0x0800a3dc   0x0000006c   Code   RO         1920    x$fpl$drleqf        fz_wm.l(drleqf.o)
    0x0800a448   0x0800a448   0x00000056   Code   RO         1650    x$fpl$f2d           fz_wm.l(f2d.o)
    0x0800a49e   0x0800a49e   0x0000008c   Code   RO         1705    x$fpl$fnaninf       fz_wm.l(fnaninf.o)
    0x0800a52a   0x0800a52a   0x0000001a   Code   RO         1945    x$fpl$fpinit        fz_wm.l(fpinit.o)
    0x0800a544   0x0800a544   0x0000000a   Code   RO         1707    x$fpl$fretinf       fz_wm.l(fretinf.o)
    0x0800a54e   0x0800a54e   0x00000006   Code   RO         1830    x$fpl$ieeestatus    fz_wm.l(istatus.o)
    0x0800a554   0x0800a554   0x00000004   Code   RO         1652    x$fpl$printf1       fz_wm.l(printf1.o)
    0x0800a558   0x0800a558   0x00000064   Code   RO         2032    x$fpl$retnan        fz_wm.l(retnan.o)
    0x0800a5bc   0x0800a5bc   0x0000005c   Code   RO         1974    x$fpl$scalbn        fz_wm.l(scalbn.o)
    0x0800a618   0x0800a618   0x00000004   Code   RO         1654    x$fpl$scanf1        fz_wm.l(scanf1.o)
    0x0800a61c   0x0800a61c   0x00000008   Code   RO         1832    x$fpl$scanf2        fz_wm.l(scanf2.o)
    0x0800a624   0x0800a624   0x00000030   Code   RO         2034    x$fpl$trapveneer    fz_wm.l(trapv.o)
    0x0800a654   0x0800a654   0x00000000   Code   RO         1709    x$fpl$usenofp       fz_wm.l(usenofp.o)
    0x0800a654   0x0800a654   0x00000094   Data   RO         1788    .constdata          c_w.l(bigflt0.o)
    0x0800a6e8   0x0800a6e8   0x00000003   Data   RO         1322    .rodata..L__const.dmp_set_orientation.accel_axes  inv_mpu_dmp_motion_driver_1.o
    0x0800a6eb   0x0800a6eb   0x00000003   Data   RO         1321    .rodata..L__const.dmp_set_orientation.gyro_axes  inv_mpu_dmp_motion_driver_1.o
    0x0800a6ee   0x0800a6ee   0x00000010   Data   RO         1093    .rodata.AHBPrescTable  system_stm32f4xx.o
    0x0800a6fe   0x0800a6fe   0x00000008   Data   RO         1094    .rodata.APBPrescTable  system_stm32f4xx.o
    0x0800a706   0x0800a706   0x00000228   Data   RO         1412    .rodata.F6x8        oled_1.o
    0x0800a92e   0x0800a92e   0x000005e0   Data   RO         1413    .rodata.F8X16       oled_1.o
    0x0800af0e   0x0800af0e   0x00000008   Data   RO         1255    .rodata.cst8        inv_mpu_1.o
    0x0800af16   0x0800af16   0x00000bf6   Data   RO         1320    .rodata.dmp_memory  inv_mpu_dmp_motion_driver_1.o
    0x0800bb0c   0x0800bb0c   0x0000000c   Data   RO         1253    .rodata.hw          inv_mpu_1.o
    0x0800bb18   0x0800bb18   0x0000001b   Data   RO         1252    .rodata.reg         inv_mpu_1.o
    0x0800bb33   0x0800bb33   0x00000001   PAD
    0x0800bb34   0x0800bb34   0x00000028   Data   RO         1254    .rodata.test        inv_mpu_1.o
    0x0800bb5c   0x0800bb5c   0x00000020   Data   RO         2037    Region$$Table       anon$$obj.o
    0x0800bb7c   0x0800bb7c   0x00000008   Data   RO         1826    c$$dinf             fz_wm.l(fpconst.o)
    0x0800bb84   0x0800bb84   0x00000008   Data   RO         1829    c$$dmax             fz_wm.l(fpconst.o)
    0x0800bb8c   0x0800bb8c   0x0000001c   Data   RO         1817    locale$$data        c_w.l(lc_numeric_c.o)
    0x0800bba8   0x0800bba8   0x00000110   Data   RO         1934    locale$$data        c_w.l(lc_ctype_c.o)


    Execution Region RW_IRAM1 (Exec base: 0x20000000, Load base: 0x0800bcb8, Size: 0x00000f38, Max: 0x0001c000, ABSOLUTE)

    Exec Addr    Load Addr    Size         Type   Attr      Idx    E Section Name        Object

    0x20000000   0x0800bcb8   0x00000008   Data   RW          612    .data..L_MergedGlobals  stm32f4xx_hal.o
    0x20000008   0x0800bcc0   0x00000038   Data   RW         1257    .data..L_MergedGlobals  inv_mpu_1.o
    0x20000040   0x0800bcf8   0x0000001b   Data   RW         1415    .data.CMD_Data      oled_1.o
    0x2000005b   0x0800bd13   0x00000001   PAD
    0x2000005c   0x0800bd14   0x00000004   Data   RW         1518    .data.ERROR_Integral_Limit_Max_DISTANCE  car_params_config_1.o
    0x20000060   0x0800bd18   0x00000004   Data   RW         1519    .data.ERROR_Integral_Limit_Min_DISTANCE  car_params_config_1.o
    0x20000064   0x0800bd1c   0x00000004   Data   RW         1515    .data.ERROR_KD_DISTANCE  car_params_config_1.o
    0x20000068   0x0800bd20   0x00000004   Data   RW         1513    .data.ERROR_KP_DISTANCE  car_params_config_1.o
    0x2000006c   0x0800bd24   0x00000004   Data   RW         1520    .data.ERROR_OutPut_Max_DISTANCE  car_params_config_1.o
    0x20000070   0x0800bd28   0x00000004   Data   RW         1521    .data.ERROR_OutPut_Min_DISTANCE  car_params_config_1.o
    0x20000074   0x0800bd2c   0x00000004   Data   RW         1517    .data.ERROR_Separation_Threshold_DISTANCE  car_params_config_1.o
    0x20000078   0x0800bd30   0x00000004   Data   RW         1527    .data.FINDLINE_Integral_Limit_Max_DISTANCE  car_params_config_1.o
    0x2000007c   0x0800bd34   0x00000004   Data   RW         1528    .data.FINDLINE_Integral_Limit_Min_DISTANCE  car_params_config_1.o
    0x20000080   0x0800bd38   0x00000004   Data   RW         1524    .data.FINDLINE_KD_DISTANCE  car_params_config_1.o
    0x20000084   0x0800bd3c   0x00000004   Data   RW         1522    .data.FINDLINE_KP_DISTANCE  car_params_config_1.o
    0x20000088   0x0800bd40   0x00000004   Data   RW         1529    .data.FINDLINE_OutPut_Max_DISTANCE  car_params_config_1.o
    0x2000008c   0x0800bd44   0x00000004   Data   RW         1530    .data.FINDLINE_OutPut_Min_DISTANCE  car_params_config_1.o
    0x20000090   0x0800bd48   0x00000004   Data   RW         1526    .data.FINDLINE_Separation_Threshold_DISTANCE  car_params_config_1.o
    0x20000094   0x0800bd4c   0x00000004   Data   RW         1489    .data.Left_DeadZone_DISTANCE  car_params_config_1.o
    0x20000098   0x0800bd50   0x00000004   Data   RW         1491    .data.Left_Integral_Limit_Max_DISTANCE  car_params_config_1.o
    0x2000009c   0x0800bd54   0x00000004   Data   RW         1482    .data.Left_Integral_Limit_Max_SPEED  car_params_config_1.o
    0x200000a0   0x0800bd58   0x00000004   Data   RW         1492    .data.Left_Integral_Limit_Min_DISTANCE  car_params_config_1.o
    0x200000a4   0x0800bd5c   0x00000004   Data   RW         1483    .data.Left_Integral_Limit_Min_SPEED  car_params_config_1.o
    0x200000a8   0x0800bd60   0x00000004   Data   RW         1488    .data.Left_KD_DISTANCE  car_params_config_1.o
    0x200000ac   0x0800bd64   0x00000004   Data   RW         1478    .data.Left_KI_SPEED  car_params_config_1.o
    0x200000b0   0x0800bd68   0x00000004   Data   RW         1486    .data.Left_KP_DISTANCE  car_params_config_1.o
    0x200000b4   0x0800bd6c   0x00000004   Data   RW         1477    .data.Left_KP_SPEED  car_params_config_1.o
    0x200000b8   0x0800bd70   0x00000004   Data   RW         1493    .data.Left_OutPut_Max_DISTANCE  car_params_config_1.o
    0x200000bc   0x0800bd74   0x00000004   Data   RW         1484    .data.Left_OutPut_Max_SPEED  car_params_config_1.o
    0x200000c0   0x0800bd78   0x00000004   Data   RW         1494    .data.Left_OutPut_Min_DISTANCE  car_params_config_1.o
    0x200000c4   0x0800bd7c   0x00000004   Data   RW         1485    .data.Left_OutPut_Min_SPEED  car_params_config_1.o
    0x200000c8   0x0800bd80   0x00000004   Data   RW         1490    .data.Left_Separation_Threshold_DISTANCE  car_params_config_1.o
    0x200000cc   0x0800bd84   0x00000004   Data   RW         1481    .data.Left_Separation_Threshold_SPEED  car_params_config_1.o
    0x200000d0   0x0800bd88   0x00000004   Data   RW         1507    .data.Right_DeadZone_DISTANCE  car_params_config_1.o
    0x200000d4   0x0800bd8c   0x00000004   Data   RW         1509    .data.Right_Integral_Limit_Max_DISTANCE  car_params_config_1.o
    0x200000d8   0x0800bd90   0x00000004   Data   RW         1500    .data.Right_Integral_Limit_Max_SPEED  car_params_config_1.o
    0x200000dc   0x0800bd94   0x00000004   Data   RW         1510    .data.Right_Integral_Limit_Min_DISTANCE  car_params_config_1.o
    0x200000e0   0x0800bd98   0x00000004   Data   RW         1501    .data.Right_Integral_Limit_Min_SPEED  car_params_config_1.o
    0x200000e4   0x0800bd9c   0x00000004   Data   RW         1506    .data.Right_KD_DISTANCE  car_params_config_1.o
    0x200000e8   0x0800bda0   0x00000004   Data   RW         1496    .data.Right_KI_SPEED  car_params_config_1.o
    0x200000ec   0x0800bda4   0x00000004   Data   RW         1504    .data.Right_KP_DISTANCE  car_params_config_1.o
    0x200000f0   0x0800bda8   0x00000004   Data   RW         1495    .data.Right_KP_SPEED  car_params_config_1.o
    0x200000f4   0x0800bdac   0x00000004   Data   RW         1511    .data.Right_OutPut_Max_DISTANCE  car_params_config_1.o
    0x200000f8   0x0800bdb0   0x00000004   Data   RW         1502    .data.Right_OutPut_Max_SPEED  car_params_config_1.o
    0x200000fc   0x0800bdb4   0x00000004   Data   RW         1512    .data.Right_OutPut_Min_DISTANCE  car_params_config_1.o
    0x20000100   0x0800bdb8   0x00000004   Data   RW         1503    .data.Right_OutPut_Min_SPEED  car_params_config_1.o
    0x20000104   0x0800bdbc   0x00000004   Data   RW         1508    .data.Right_Separation_Threshold_DISTANCE  car_params_config_1.o
    0x20000108   0x0800bdc0   0x00000004   Data   RW         1499    .data.Right_Separation_Threshold_SPEED  car_params_config_1.o
    0x2000010c   0x0800bdc4   0x00000004   Data   RW         1092    .data.SystemCoreClock  system_stm32f4xx.o
    0x20000110        -       0x00000060   Zero   RW         1847    .bss                c_w.l(libspace.o)
    0x20000170        -       0x00000078   Zero   RW           46    .bss..L_MergedGlobals  main.o
    0x200001e8        -       0x00000068   Zero   RW         1121    .bss..L_MergedGlobals  encoder_1.o
    0x20000250        -       0x00000010   Zero   RW         1329    .bss..L_MergedGlobals  inv_mpu_dmp_motion_driver_1.o
    0x20000260        -       0x00000003   Zero   RW         1375    .bss..L_MergedGlobals  mv_uart_1.o
    0x20000263   0x0800bdc8   0x00000001   PAD
    0x20000264        -       0x0000004c   Zero   RW         1468    .bss..L_MergedGlobals  car_control_1.o
    0x200002b0        -       0x00000003   Zero   RW         1574    .bss..L_MergedGlobals  task_machine_1.o
    0x200002b3   0x0800bdc8   0x00000001   PAD
    0x200002b4        -       0x00000078   Zero   RW         1466    .bss.ERROR_DISTANCE_PID  car_control_1.o
    0x2000032c        -       0x00000004   Zero   RW         1516    .bss.ERROR_DeadZone_DISTANCE  car_params_config_1.o
    0x20000330        -       0x00000004   Zero   RW         1514    .bss.ERROR_KI_DISTANCE  car_params_config_1.o
    0x20000334        -       0x00000004   Zero   RW         1525    .bss.FINDLINE_DeadZone_DISTANCE  car_params_config_1.o
    0x20000338        -       0x00000004   Zero   RW         1523    .bss.FINDLINE_KI_DISTANCE  car_params_config_1.o
    0x2000033c        -       0x00000078   Zero   RW         1467    .bss.FIND_LINE_PID  car_control_1.o
    0x200003b4        -       0x00000004   Zero   RW         1480    .bss.Left_DeadZone_SPEED  car_params_config_1.o
    0x200003b8        -       0x00000004   Zero   RW         1479    .bss.Left_KD_SPEED  car_params_config_1.o
    0x200003bc        -       0x00000004   Zero   RW         1487    .bss.Left_KI_DISTANCE  car_params_config_1.o
    0x200003c0        -       0x000001e0   Zero   RW           24    .bss.Medicine_Car   main.o
    0x200005a0        -       0x00000064   Zero   RW           21    .bss.Openmv_Buff    main.o
    0x20000604        -       0x00000004   Zero   RW         1498    .bss.Right_DeadZone_SPEED  car_params_config_1.o
    0x20000608        -       0x00000004   Zero   RW         1497    .bss.Right_KD_SPEED  car_params_config_1.o
    0x2000060c        -       0x00000004   Zero   RW         1505    .bss.Right_KI_DISTANCE  car_params_config_1.o
    0x20000610        -       0x00000001   Zero   RW         1374    .bss.T_Data         mv_uart_1.o
    0x20000611   0x0800bdc8   0x00000003   PAD
    0x20000614        -       0x00000050   Zero   RW         1562    .bss.delay_tasks    soft_timer_1.o
    0x20000664        -       0x00000002   Zero   RW         1323    .bss.dmp.2          inv_mpu_dmp_motion_driver_1.o
    0x20000666   0x0800bdc8   0x00000002   PAD
    0x20000668        -       0x00000002   Zero   RW         1324    .bss.dmp.4          inv_mpu_dmp_motion_driver_1.o
    0x2000066a   0x0800bdc8   0x00000002   PAD
    0x2000066c        -       0x00000054   Zero   RW           25    .bss.hi2c1          main.o
    0x200006c0        -       0x00000048   Zero   RW           26    .bss.htim1          main.o
    0x20000708        -       0x00000048   Zero   RW           27    .bss.htim2          main.o
    0x20000750        -       0x00000048   Zero   RW           28    .bss.htim4          main.o
    0x20000798        -       0x00000048   Zero   RW           29    .bss.htim6          main.o
    0x200007e0        -       0x00000048   Zero   RW           30    .bss.htim8          main.o
    0x20000828        -       0x00000048   Zero   RW           32    .bss.huart3         main.o
    0x20000870        -       0x00000048   Zero   RW           31    .bss.huart5         main.o
    0x200008b8        -       0x00000078   Zero   RW         1563    .bss.timers         soft_timer_1.o
    0x20000930        -       0x00000004   Zero   RW          611    .bss.uwTick         stm32f4xx_hal.o
    0x20000934   0x0800bdc8   0x00000004   PAD
    0x20000938        -       0x00000200   Zero   RW            2    HEAP                startup_stm32f407xx.o
    0x20000b38        -       0x00000400   Zero   RW            1    STACK               startup_stm32f407xx.o


    Execution Region RW_IRAM2 (Exec base: 0x2001c000, Load base: 0x0800bdc8, Size: 0x00000000, Max: 0x00004000, ABSOLUTE)

    **** No section assigned to this execution region ****


==============================================================================

Image component sizes


      Code (inc. data)   RO Data    RW Data    ZI Data      Debug   Object Name

      2600          0          0          0        316       8567   car_control_1.o
         0          0          0        176         40       2624   car_params_config_1.o
       904         16          0          0        104       6779   encoder_1.o
       970          0          0          0          0       4891   iic_1.o
      7028        202         87         56          0      31578   inv_mpu_1.o
      1782         68       3068          0         20      11425   inv_mpu_dmp_motion_driver_1.o
      2092        124          0          0       1288      19126   main.o
       456          0          0          0          0       5062   mpu6050_1.o
       220         20          0          0          4       2412   mv_uart_1.o
      1794          0       2056         27          0      11180   oled_1.o
       388          4          0          0          0       3367   pid_config_1.o
       436          0          0          0        200       2857   soft_timer_1.o
        64         26        392          0       1536        840   startup_stm32f407xx.o
       204          0          0          8          4       7323   stm32f4xx_hal.o
       196          0          0          0          0      10740   stm32f4xx_hal_cortex.o
       178          0          0          0          0      10552   stm32f4xx_hal_dma.o
       472          0          0          0          0       5370   stm32f4xx_hal_gpio.o
      1948          0          0          0          0      44424   stm32f4xx_hal_i2c.o
      1154          0          0          0          0      12869   stm32f4xx_hal_msp.o
      1478          0          0          0          0       7430   stm32f4xx_hal_rcc.o
      2604          6          0          0          0      57448   stm32f4xx_hal_tim.o
       266          0          0          0          0      21505   stm32f4xx_hal_tim_ex.o
      2510          0          0          0          0      32263   stm32f4xx_hal_uart.o
        94          0          0          0          0       6385   stm32f4xx_it.o
        18          0         24          4          0       2607   system_stm32f4xx.o
       304         18          0          0          3       3653   task_machine_1.o
       210          0          0          0          0       4647   tb6612_1.o

    ----------------------------------------------------------------------
     30524        484       5660        272       3528     337924   Object Totals
         0          0         32          0          0          0   (incl. Generated)
       154          0          1          1         13          0   (incl. Padding)

    ----------------------------------------------------------------------

      Code (inc. data)   RO Data    RW Data    ZI Data      Debug   Library Member Name

        60          8          0          0          0         84   __0sscanf.o
         8          0          0          0          0         68   __main.o
       284          0          0          0          0        156   __printf_wp.o
         0          0          0          0          0          0   __rtentry.o
        12          0          0          0          0          0   __rtentry2.o
         6          0          0          0          0          0   __rtentry4.o
        94          8          0          0          0          0   __scatter.o
        26          0          0          0          0          0   __scatter_copy.o
        28          0          0          0          0          0   __scatter_zi.o
        28          0          0          0          0         68   _chval.o
        48          6          0          0          0         96   _printf_char_common.o
         6          0          0          0          0          0   _printf_d.o
       120         16          0          0          0         92   _printf_dec.o
         6          0          0          0          0          0   _printf_f.o
      1052          0          0          0          0        148   _printf_fp_dec.o
       128         16          0          0          0         84   _printf_fp_infnan.o
       178          0          0          0          0         88   _printf_intcommon.o
         0          0          0          0          0          0   _printf_percent.o
         4          0          0          0          0          0   _printf_percent_end.o
        22          0          0          0          0        100   _rserrno.o
       884          6          0          0          0        100   _scanf.o
       332          0          0          0          0         96   _scanf_int.o
        64          0          0          0          0         84   _sgetc.o
        10          0          0          0          0         68   _sputc.o
       228          4        148          0          0         96   bigflt0.o
      2152        136          0          0          0        956   btod.o
        18          0          0          0          0         80   exit.o
         6          0          0          0          0        152   heapauxi.o
         0          0          0          0          0          0   indicate_semi.o
        18          0          0          0          0         76   isspace.o
        44         10        272          0          0         76   lc_ctype_c.o
        44         10         28          0          0         76   lc_numeric_c.o
         2          0          0          0          0          0   libinit.o
        34          0          0          0          0          0   libinit2.o
         2          0          0          0          0          0   libshutdown.o
         2          0          0          0          0          0   libshutdown2.o
         8          4          0          0         96         68   libspace.o
       116          0          0          0          0         84   llsdiv.o
        38          0          0          0          0         68   llshl.o
       138          0          0          0          0         80   lludiv10.o
       240          0          0          0          0        100   lludivv7m.o
        88          0          0          0          0         76   memcmp.o
        40          6          0          0          0         84   noretval__2sprintf.o
        16          4          0          0          0         76   rt_ctype_table.o
         8          4          0          0          0         68   rt_errno_addr_intlibspace.o
         8          4          0          0          0         68   rt_locale_intlibspace.o
        78          0          0          0          0         80   rt_memclr_w.o
         2          0          0          0          0          0   rtexit.o
        10          0          0          0          0          0   rtexit2.o
        44          8          0          0          0         84   scanf_char.o
      1272         16          0          0          0        168   scanf_fp.o
       800         14          0          0          0        100   scanf_hexfp.o
       308         16          0          0          0        100   scanf_infnan.o
       124          0          0          0          0         88   strcmpv7em.o
        12          4          0          0          0         68   sys_exit.o
        74          0          0          0          0         80   sys_stackheap_outer.o
         2          0          0          0          0         68   use_no_semi.o
        98          4          0          0          0        140   d2f.o
        16          4          0          0          0        116   dcheck1.o
        24          0          0          0          0        116   dcmpi.o
       120          4          0          0          0        140   deqf.o
       120          4          0          0          0        140   dleqf.o
       340         12          0          0          0        152   dmul.o
       156          4          0          0          0        140   dnaninf.o
        12          0          0          0          0        116   dretinf.o
       108          0          0          0          0        128   drleqf.o
        86          4          0          0          0        132   f2d.o
       140          4          0          0          0        132   fnaninf.o
         0          0         16          0          0          0   fpconst.o
        26          0          0          0          0        116   fpinit.o
        10          0          0          0          0        116   fretinf.o
         6          0          0          0          0        116   istatus.o
         4          0          0          0          0        116   printf1.o
       100          0          0          0          0        116   retnan.o
        92          0          0          0          0        116   scalbn.o
         4          0          0          0          0        116   scanf1.o
         8          0          0          0          0        132   scanf2.o
        48          0          0          0          0        116   trapv.o
         0          0          0          0          0          0   usenofp.o
        64         16          0          0          0        248   dunder.o
        48          0          0          0          0        124   fpclassify.o
       140         22          0          0          0        132   frexp.o
       228          8          0          0          0        308   ldexp.o
       266         16          0          0          0        308   narrow.o

    ----------------------------------------------------------------------
     11664        402        464          0         96       8084   Library Totals
        24          0          0          0          0          0   (incl. Padding)

    ----------------------------------------------------------------------

      Code (inc. data)   RO Data    RW Data    ZI Data      Debug   Library Name

      9376        300        448          0         96       4452   c_w.l
      1518         40         16          0          0       2512   fz_wm.l
       746         62          0          0          0       1120   m_wm.l

    ----------------------------------------------------------------------
     11664        402        464          0         96       8084   Library Totals

    ----------------------------------------------------------------------

==============================================================================


      Code (inc. data)   RO Data    RW Data    ZI Data      Debug   

     42188        886       6124        272       3624     340552   Grand Totals
     42188        886       6124        272       3624     340552   ELF Image Totals
     42188        886       6124        272          0          0   ROM Totals

==============================================================================

    Total RO  Size (Code + RO Data)                48312 (  47.18kB)
    Total RW  Size (RW Data + ZI Data)              3896 (   3.80kB)
    Total ROM Size (Code + RO Data + RW Data)      48584 (  47.45kB)

==============================================================================

