<html>
<body>
<pre>
<h1>µVision Build Log</h1>
<h2>Tool Versions:</h2>
IDE-Version: ¦ÌVision V5.41.0.0
Copyright (C) 2024 ARM Ltd and ARM Germany GmbH. All rights reserved.
License Information: qq qigud, q, LIC=VGXG8-3M7YI-UHJ8H-W2LB7-EPB18-J8ZFT
 
Tool Versions:
Toolchain:       MDK-ARM Plus  Version: 5.41.0.0
Toolchain Path:  C:\Users\qigud.000\AppData\Local\Keil_v5\ARM\ARMCLANG\Bin
C Compiler:      ArmClang.exe V6.22
Assembler:       Armasm.exe V6.22
Linker/Locator:  ArmLink.exe V6.22
Library Manager: ArmAr.exe V6.22
Hex Converter:   FromElf.exe V6.22
CPU DLL:         SARMCM3.DLL V5.41.0.0
Dialog DLL:      DCM.DLL V1.17.5.0
Target DLL:      CMSIS_AGDI.dll V1.33.21.0
Dialog DLL:      TCM.DLL V1.56.4.0
 
<h2>Project:</h2>
C:\Users\qigud.000\Desktop\EE_PROJECT\MDK-ARM\EE_PROJECT.uvprojx
Project File Date:  06/12/2025

<h2>Output:</h2>
*** Using Compiler 'V6.22', folder: 'C:\Users\qigud.000\AppData\Local\Keil_v5\ARM\ARMCLANG\Bin'
Build target 'EE_PROJECT'
../Core/Src/BSP_USERC/MV_UART.c(32): warning: format specifies type 'int *' but the argument has type 'uint16_t *' (aka 'unsigned short *') [-Wformat]
   32 |                                 sscanf((char*)uart_buff,"%d.%d.",data_x,data_y);
      |                                                          ~~      ^~~~~~
      |                                                          %hd
../Core/Src/BSP_USERC/MV_UART.c(32): warning: format specifies type 'int *' but the argument has type 'uint16_t *' (aka 'unsigned short *') [-Wformat]
   32 |                                 sscanf((char*)uart_buff,"%d.%d.",data_x,data_y);
      |                                                             ~~          ^~~~~~
      |                                                             %hd
2 warnings generated.
compiling MV_UART.c...
linking...
Program Size: Code=36640 RO-data=6108 RW-data=244 ZI-data=3476  
FromELF: creating hex file...
"EE_PROJECT\EE_PROJECT.axf" - 0 Error(s), 2 Warning(s).

<h2>Software Packages used:</h2>

Package Vendor: ARM
                https://www.keil.com/pack/ARM.CMSIS.6.1.0.pack
                ARM::CMSIS@6.1.0
                CMSIS (Common Microcontroller Software Interface Standard)
   * Component: CORE Version: 6.1.0

Package Vendor: Keil
                https://www.keil.com/pack/Keil.STM32F4xx_DFP.3.0.0.pack
                Keil::STM32F4xx_DFP@3.0.0
                STMicroelectronics STM32F4 Series Device Support

<h2>Collection of Component include folders:</h2>
  ./RTE/_EE_PROJECT
  C:/Users/qigud.000/AppData/Local/Arm/Packs/ARM/CMSIS/6.1.0/CMSIS/Core/Include

<h2>Collection of Component Files used:</h2>

   * Component: ARM::CMSIS:CORE@6.1.0
      Include file:  CMSIS/Core/Include/tz_context.h
Build Time Elapsed:  00:00:01
</pre>
</body>
</html>
